Component: Arm Compiler for Embedded 6.24 Tool: armlink [5f371500]

==============================================================================

Section Cross References

    startup_stm32f103xb.o(RESET) refers to startup_stm32f103xb.o(STACK) for __initial_sp
    startup_stm32f103xb.o(RESET) refers to startup_stm32f103xb.o(.text) for Reset_Handler
    startup_stm32f103xb.o(RESET) refers to stm32f1xx_it.o(.text.NMI_Handler) for NMI_Handler
    startup_stm32f103xb.o(RESET) refers to stm32f1xx_it.o(.text.HardFault_Handler) for HardFault_Handler
    startup_stm32f103xb.o(RESET) refers to stm32f1xx_it.o(.text.MemManage_Handler) for MemManage_Handler
    startup_stm32f103xb.o(RESET) refers to stm32f1xx_it.o(.text.BusFault_Handler) for BusFault_Handler
    startup_stm32f103xb.o(RESET) refers to stm32f1xx_it.o(.text.UsageFault_Handler) for UsageFault_Handler
    startup_stm32f103xb.o(RESET) refers to stm32f1xx_it.o(.text.SVC_Handler) for SVC_Handler
    startup_stm32f103xb.o(RESET) refers to stm32f1xx_it.o(.text.DebugMon_Handler) for DebugMon_Handler
    startup_stm32f103xb.o(RESET) refers to stm32f1xx_it.o(.text.PendSV_Handler) for PendSV_Handler
    startup_stm32f103xb.o(RESET) refers to stm32f1xx_it.o(.text.SysTick_Handler) for SysTick_Handler
    startup_stm32f103xb.o(RESET) refers to stm32f1xx_it.o(.text.TIM3_IRQHandler) for TIM3_IRQHandler
    startup_stm32f103xb.o(RESET) refers to stm32f1xx_it.o(.text.USART1_IRQHandler) for USART1_IRQHandler
    startup_stm32f103xb.o(RESET) refers to stm32f1xx_it.o(.text.USART2_IRQHandler) for USART2_IRQHandler
    startup_stm32f103xb.o(RESET) refers to stm32f1xx_it.o(.text.USART3_IRQHandler) for USART3_IRQHandler
    startup_stm32f103xb.o(RESET) refers to stm32f1xx_it.o(.text.EXTI15_10_IRQHandler) for EXTI15_10_IRQHandler
    startup_stm32f103xb.o(.text) refers to system_stm32f1xx.o(.text.SystemInit) for SystemInit
    startup_stm32f103xb.o(.text) refers to entry.o(.ARM.Collect$$$$00000000) for __main
    main.o(.text.main) refers to stm32f1xx_hal.o(.text.HAL_Init) for HAL_Init
    main.o(.text.main) refers to stm32f1xx_hal_rcc.o(.text.HAL_RCC_OscConfig) for HAL_RCC_OscConfig
    main.o(.text.main) refers to stm32f1xx_hal_rcc.o(.text.HAL_RCC_ClockConfig) for HAL_RCC_ClockConfig
    main.o(.text.main) refers to stm32f1xx_hal_rcc_ex.o(.text.HAL_RCCEx_PeriphCLKConfig) for HAL_RCCEx_PeriphCLKConfig
    main.o(.text.main) refers to gpio.o(.text.MX_GPIO_Init) for MX_GPIO_Init
    main.o(.text.main) refers to i2c.o(.text.MX_I2C1_Init) for MX_I2C1_Init
    main.o(.text.main) refers to rtc.o(.text.MX_RTC_Init) for MX_RTC_Init
    main.o(.text.main) refers to usart.o(.text.MX_USART1_UART_Init) for MX_USART1_UART_Init
    main.o(.text.main) refers to usart.o(.text.MX_USART3_UART_Init) for MX_USART3_UART_Init
    main.o(.text.main) refers to tim.o(.text.MX_TIM3_Init) for MX_TIM3_Init
    main.o(.text.main) refers to spi.o(.text.MX_SPI1_Init) for MX_SPI1_Init
    main.o(.text.main) refers to usart.o(.text.MX_USART2_UART_Init) for MX_USART2_UART_Init
    main.o(.text.main) refers to oled.o(.text.OLED_Init) for OLED_Init
    main.o(.text.main) refers to oled.o(.text.OLED_CLS) for OLED_CLS
    main.o(.text.main) refers to oled.o(.text.OLED_ShowStr) for OLED_ShowStr
    main.o(.text.main) refers to oled.o(.text.OLED_Update) for OLED_Update
    main.o(.text.main) refers to stm32f1xx_hal.o(.text.HAL_Delay) for HAL_Delay
    main.o(.text.main) refers to relay.o(.text.Relay_Init) for Relay_Init
    main.o(.text.main) refers to beep.o(.text.Beep_Init) for Beep_Init
    main.o(.text.main) refers to key.o(.text.Key_GPIO_Init) for Key_GPIO_Init
    main.o(.text.main) refers to rc522.o(.text.RC522_Init) for RC522_Init
    main.o(.text.main) refers to as608.o(.text.PS_StaGPIO_Init) for PS_StaGPIO_Init
    main.o(.text.main) refers to as608.o(.text.PS_HandShake) for PS_HandShake
    main.o(.text.main) refers to as608.o(.data.AS608Addr) for AS608Addr
    main.o(.text.main) refers to ds1302.o(.text.DS1302_Init) for DS1302_Init
    main.o(.text.main) refers to main.o(.data..L_MergedGlobals) for .L_MergedGlobals
    main.o(.text.main) refers to ds1302.o(.text.DS1302_InitIfNeeded) for DS1302_InitIfNeeded
    main.o(.text.main) refers to as608.o(.text.LoadFingerSlotUsage) for LoadFingerSlotUsage
    main.o(.text.main) refers to at24c02.o(.text.Log_Init) for Log_Init
    main.o(.text.main) refers to main.o(.bss..L_MergedGlobals.21) for .L_MergedGlobals.21
    main.o(.text.main) refers to usart.o(.bss.huart2) for huart2
    main.o(.text.main) refers to stm32f1xx_hal_uart.o(.text.HAL_UART_Receive_IT) for HAL_UART_Receive_IT
    main.o(.text.main) refers to usart.o(.bss.huart3) for huart3
    main.o(.text.main) refers to esp8266.o(.text.ESP8266_Init) for ESP8266_Init
    main.o(.text.main) refers to onenet.o(.text.OneNet_DevLink) for OneNet_DevLink
    main.o(.text.main) refers to onenet.o(.text.OneNET_Subscribe) for OneNET_Subscribe
[...]
    .L.str.2                                 0x0800ebd9   Data          77  as608.o(.rodata.str1.1)
    [Anonymous Symbol]                       0x0800ebd9   Section        0  as608.o(.rodata.str1.1)
    .L.str.4                                 0x0800ec26   Data          43  as608.o(.rodata.str1.1)
    .L.str.1                                 0x0800ec51   Data          30  as608.o(.rodata.str1.1)
    .L.str.7                                 0x0800ec6f   Data           4  as608.o(.rodata.str1.1)
    .data                                    0x20000000   Section        4  stdout.o(.data)
    .data                                    0x20000004   Section        4  mvars.o(.data)
    .data                                    0x20000008   Section        4  mvars.o(.data)
    .L_MergedGlobals                         0x2000000c   Data           8  main.o(.data..L_MergedGlobals)
    last_reported_lock_flag                  0x2000000c   Data           1  main.o(.data..L_MergedGlobals)
    [Anonymous Symbol]                       0x2000000c   Section        0  main.o(.data..L_MergedGlobals)
    .L_MergedGlobals                         0x20000014   Data           8  stm32f1xx_hal.o(.data..L_MergedGlobals)
    [Anonymous Symbol]                       0x20000014   Section        0  stm32f1xx_hal.o(.data..L_MergedGlobals)
    fingerprint_items                        0x2000002c   Data          36  menu_system.o(.data.fingerprint_items)
    [Anonymous Symbol]                       0x2000002c   Section        0  menu_system.o(.data.fingerprint_items)
    fingerprint_menu                         0x20000050   Data          16  menu_system.o(.data.fingerprint_menu)
    [Anonymous Symbol]                       0x20000050   Section        0  menu_system.o(.data.fingerprint_menu)
    iccard_items                             0x20000060   Data          24  menu_system.o(.data.iccard_items)
    [Anonymous Symbol]                       0x20000060   Section        0  menu_system.o(.data.iccard_items)
    iccard_menu                              0x20000078   Data          16  menu_system.o(.data.iccard_menu)
    [Anonymous Symbol]                       0x20000078   Section        0  menu_system.o(.data.iccard_menu)
    main_items                               0x20000088   Data          96  menu_system.o(.data.main_items)
    [Anonymous Symbol]                       0x20000088   Section        0  menu_system.o(.data.main_items)
    main_menu                                0x200000e8   Data          16  menu_system.o(.data.main_menu)
    [Anonymous Symbol]                       0x200000e8   Section        0  menu_system.o(.data.main_menu)
    .L_MergedGlobals                         0x200000f8   Data           8  key.o(.bss..L_MergedGlobals)
    Key_LongPressed.long_pressed_flag        0x200000f8   Data           1  key.o(.bss..L_MergedGlobals)
    [Anonymous Symbol]                       0x200000f8   Section        0  key.o(.bss..L_MergedGlobals)
    Key_LongPressed.debounce_cnt             0x200000f9   Data           1  key.o(.bss..L_MergedGlobals)
    Key_LongPressed.last_key                 0x200000fa   Data           2  key.o(.bss..L_MergedGlobals)
    Key_LongPressed.press_start              0x200000fc   Data           4  key.o(.bss..L_MergedGlobals)
    .L_MergedGlobals                         0x20000100   Data           4  esp8266.o(.bss..L_MergedGlobals)
    [Anonymous Symbol]                       0x20000100   Section        0  esp8266.o(.bss..L_MergedGlobals)
    .L_MergedGlobals                         0x20000104   Data           2  at24c02.o(.bss..L_MergedGlobals)
    log_write_idx                            0x20000104   Data           1  at24c02.o(.bss..L_MergedGlobals)
    [Anonymous Symbol]                       0x20000104   Section        0  at24c02.o(.bss..L_MergedGlobals)
    log_count                                0x20000105   Data           1  at24c02.o(.bss..L_MergedGlobals)
    .L_MergedGlobals                         0x20000108   Data          16  beep.o(.bss..L_MergedGlobals)
    beep_count                               0x20000108   Data           1  beep.o(.bss..L_MergedGlobals)
    [Anonymous Symbol]                       0x20000108   Section        0  beep.o(.bss..L_MergedGlobals)
    beep_state                               0x20000109   Data           1  beep.o(.bss..L_MergedGlobals)
    beep_timer                               0x2000010c   Data          12  beep.o(.bss..L_MergedGlobals)
    .L_MergedGlobals                         0x20000118   Data          16  relay.o(.bss..L_MergedGlobals)
    pulse_active                             0x20000118   Data           1  relay.o(.bss..L_MergedGlobals)
    [Anonymous Symbol]                       0x20000118   Section        0  relay.o(.bss..L_MergedGlobals)
    pulse_timer                              0x2000011c   Data          12  relay.o(.bss..L_MergedGlobals)
    .L_MergedGlobals                         0x20000128   Data          20  menu_system.o(.bss..L_MergedGlobals)
    log_total                                0x20000128   Data           1  menu_system.o(.bss..L_MergedGlobals)
    [Anonymous Symbol]                       0x20000128   Section        0  menu_system.o(.bss..L_MergedGlobals)
    log_sel                                  0x20000129   Data           1  menu_system.o(.bss..L_MergedGlobals)
    log_view_active                          0x2000012a   Data           1  menu_system.o(.bss..L_MergedGlobals)
    menu_return_pending                      0x2000012b   Data           1  menu_system.o(.bss..L_MergedGlobals)
    menu_return_timer                        0x20000130   Data          12  menu_system.o(.bss..L_MergedGlobals)
    .L_MergedGlobals                         0x2000013c   Data           4  as608.o(.bss..L_MergedGlobals)
    [Anonymous Symbol]                       0x2000013c   Section        0  as608.o(.bss..L_MergedGlobals)
    .L_MergedGlobals.21                      0x20000140   Data          32  main.o(.bss..L_MergedGlobals.21)
    [Anonymous Symbol]                       0x20000140   Section        0  main.o(.bss..L_MergedGlobals.21)
    main.last_sec_refresh                    0x2000014c   Data           4  main.o(.bss..L_MergedGlobals.21)
    last_report_tick                         0x20000150   Data           4  main.o(.bss..L_MergedGlobals.21)
    CheckRfidCard.last_check                 0x20000228   Data           4  main_interface.o(.bss.CheckRfidCard.last_check)
    [Anonymous Symbol]                       0x20000228   Section        0  main_interface.o(.bss.CheckRfidCard.last_check)
    User_VerifyPassword.err_cnt              0x2000022c   Data           1  main_interface.o(.bss.User_VerifyPassword.err_cnt)
    [Anonymous Symbol]                       0x2000022c   Section        0  main_interface.o(.bss.User_VerifyPassword.err_cnt)
    log_entries                              0x20000a14   Data         110  menu_system.o(.bss.log_entries)
    [Anonymous Symbol]                       0x20000a14   Section        0  menu_system.o(.bss.log_entries)
    HEAP                                     0x20000a88   Section      512  startup_stm32f103xb.o(HEAP)
    STACK                                    0x20000c88   Section     1024  startup_stm32f103xb.o(STACK)

    Global Symbols

    Symbol Name                              Value     Ov Type        Size  Object(Section)

    BuildAttributes$$THM_ISAv4$P$D$K$B$S$PE$A:L22UL41UL21$X:L11$S22US41US21$IEEE1$IW$~IW$USESV6$~STKCKD$USESV7$~SHL$OTIME$ROPI$EBA8$MICROLIB$REQ8$PRES8$EABIv2 0x00000000   Number         0  anon$$obj.o ABSOLUTE
    _printf_a                                0x00000000   Number         0  printfstubs.o ABSOLUTE
    _printf_c                                0x00000000   Number         0  printfstubs.o ABSOLUTE
    _printf_charcount                        0x00000000   Number         0  printfstubs.o ABSOLUTE
    _printf_d                                0x00000000   Number         0  printfstubs.o ABSOLUTE
    _printf_e                                0x00000000   Number         0  printfstubs.o ABSOLUTE
    _printf_f                                0x00000000   Number         0  printfstubs.o ABSOLUTE
    _printf_flags                            0x00000000   Number         0  printfstubs.o ABSOLUTE
    _printf_fp_dec                           0x00000000   Number         0  printfstubs.o ABSOLUTE
    _printf_fp_hex                           0x00000000   Number         0  printfstubs.o ABSOLUTE
    _printf_g                                0x00000000   Number         0  printfstubs.o ABSOLUTE
    _printf_i                                0x00000000   Number         0  printfstubs.o ABSOLUTE
    _printf_int_dec                          0x00000000   Number         0  printfstubs.o ABSOLUTE
    _printf_l                                0x00000000   Number         0  printfstubs.o ABSOLUTE
    _printf_lc                               0x00000000   Number         0  printfstubs.o ABSOLUTE
    _printf_ll                               0x00000000   Number         0  printfstubs.o ABSOLUTE
    _printf_lld                              0x00000000   Number         0  printfstubs.o ABSOLUTE
    _printf_lli                              0x00000000   Number         0  printfstubs.o ABSOLUTE
    _printf_llo                              0x00000000   Number         0  printfstubs.o ABSOLUTE
    _printf_llu                              0x00000000   Number         0  printfstubs.o ABSOLUTE
    _printf_llx                              0x00000000   Number         0  printfstubs.o ABSOLUTE
    _printf_longlong_dec                     0x00000000   Number         0  printfstubs.o ABSOLUTE
    _printf_longlong_hex                     0x00000000   Number         0  printfstubs.o ABSOLUTE
    _printf_longlong_oct                     0x00000000   Number         0  printfstubs.o ABSOLUTE
    _printf_ls                               0x00000000   Number         0  printfstubs.o ABSOLUTE
    _printf_mbtowc                           0x00000000   Number         0  printfstubs.o ABSOLUTE
    _printf_n                                0x00000000   Number         0  printfstubs.o ABSOLUTE
    _printf_o                                0x00000000   Number         0  printfstubs.o ABSOLUTE
    _printf_p                                0x00000000   Number         0  printfstubs.o ABSOLUTE
    _printf_percent                          0x00000000   Number         0  printfstubs.o ABSOLUTE
    _printf_pre_padding                      0x00000000   Number         0  printfstubs.o ABSOLUTE
    _printf_return_value                     0x00000000   Number         0  printfstubs.o ABSOLUTE
    _printf_s                                0x00000000   Number         0  printfstubs.o ABSOLUTE
    _printf_sizespec                         0x00000000   Number         0  printfstubs.o ABSOLUTE
    _printf_str                              0x00000000   Number         0  printfstubs.o ABSOLUTE
    _printf_truncate_signed                  0x00000000   Number         0  printfstubs.o ABSOLUTE
    _printf_truncate_unsigned                0x00000000   Number         0  printfstubs.o ABSOLUTE
    _printf_u                                0x00000000   Number         0  printfstubs.o ABSOLUTE
    _printf_wc                               0x00000000   Number         0  printfstubs.o ABSOLUTE
    _printf_wctomb                           0x00000000   Number         0  printfstubs.o ABSOLUTE
    _printf_widthprec                        0x00000000   Number         0  printfstubs.o ABSOLUTE
    _printf_x                                0x00000000   Number         0  printfstubs.o ABSOLUTE
    __cpp_initialize__aeabi_                  - Undefined Weak Reference
    __cxa_finalize                            - Undefined Weak Reference
    __decompress                              - Undefined Weak Reference
    _clock_init                               - Undefined Weak Reference
    _microlib_exit                            - Undefined Weak Reference
    __Vectors_Size                           0x000000ec   Number         0  startup_stm32f103xb.o ABSOLUTE
    __Vectors                                0x08000000   Data           4  startup_stm32f103xb.o(RESET)
    __Vectors_End                            0x080000ec   Data           0  startup_stm32f103xb.o(RESET)
    __main                                   0x080000ed   Thumb Code     0  entry.o(.ARM.Collect$$$$00000000)
    _main_stk                                0x080000ed   Thumb Code     0  entry2.o(.ARM.Collect$$$$00000001)
    _main_scatterload                        0x080000f1   Thumb Code     0  entry5.o(.ARM.Collect$$$$00000004)
    __main_after_scatterload                 0x080000f5   Thumb Code     0  entry5.o(.ARM.Collect$$$$00000004)
    _main_clock                              0x080000f5   Thumb Code     0  entry7b.o(.ARM.Collect$$$$00000008)
    _main_cpp_init                           0x080000f5   Thumb Code     0  entry8b.o(.ARM.Collect$$$$0000000A)
    _main_init                               0x080000f5   Thumb Code     0  entry9a.o(.ARM.Collect$$$$0000000B)
    __rt_final_cpp                           0x080000fd   Thumb Code     0  entry10a.o(.ARM.Collect$$$$0000000D)
    __rt_final_exit                          0x080000fd   Thumb Code     0  entry11a.o(.ARM.Collect$$$$0000000F)
    Reset_Handler                            0x08000101   Thumb Code     8  startup_stm32f103xb.o(.text)
    ADC1_2_IRQHandler                        0x0800011b   Thumb Code     0  startup_stm32f103xb.o(.text)
    CAN1_RX1_IRQHandler                      0x0800011b   Thumb Code     0  startup_stm32f103xb.o(.text)
    CAN1_SCE_IRQHandler                      0x0800011b   Thumb Code     0  startup_stm32f103xb.o(.text)
    DMA1_Channel1_IRQHandler                 0x0800011b   Thumb Code     0  startup_stm32f103xb.o(.text)
    DMA1_Channel2_IRQHandler                 0x0800011b   Thumb Code     0  startup_stm32f103xb.o(.text)
    DMA1_Channel3_IRQHandler                 0x0800011b   Thumb Code     0  startup_stm32f103xb.o(.text)
    DMA1_Channel4_IRQHandler                 0x0800011b   Thumb Code     0  startup_stm32f103xb.o(.text)
    DMA1_Channel5_IRQHandler                 0x0800011b   Thumb Code     0  startup_stm32f103xb.o(.text)
    DMA1_Channel6_IRQHandler                 0x0800011b   Thumb Code     0  startup_stm32f103xb.o(.text)
    DMA1_Channel7_IRQHandler                 0x0800011b   Thumb Code     0  startup_stm32f103xb.o(.text)
    EXTI0_IRQHandler                         0x0800011b   Thumb Code     0  startup_stm32f103xb.o(.text)
    EXTI1_IRQHandler                         0x0800011b   Thumb Code     0  startup_stm32f103xb.o(.text)
    EXTI2_IRQHandler                         0x0800011b   Thumb Code     0  startup_stm32f103xb.o(.text)
    EXTI3_IRQHandler                         0x0800011b   Thumb Code     0  startup_stm32f103xb.o(.text)
    EXTI4_IRQHandler                         0x0800011b   Thumb Code     0  startup_stm32f103xb.o(.text)
    EXTI9_5_IRQHandler                       0x0800011b   Thumb Code     0  startup_stm32f103xb.o(.text)
    FLASH_IRQHandler                         0x0800011b   Thumb Code     0  startup_stm32f103xb.o(.text)
    I2C1_ER_IRQHandler                       0x0800011b   Thumb Code     0  startup_stm32f103xb.o(.text)
    I2C1_EV_IRQHandler                       0x0800011b   Thumb Code     0  startup_stm32f103xb.o(.text)
    I2C2_ER_IRQHandler                       0x0800011b   Thumb Code     0  startup_stm32f103xb.o(.text)
    I2C2_EV_IRQHandler                       0x0800011b   Thumb Code     0  startup_stm32f103xb.o(.text)
    PVD_IRQHandler                           0x0800011b   Thumb Code     0  startup_stm32f103xb.o(.text)
    RCC_IRQHandler                           0x0800011b   Thumb Code     0  startup_stm32f103xb.o(.text)
    RTC_Alarm_IRQHandler                     0x0800011b   Thumb Code     0  startup_stm32f103xb.o(.text)
    RTC_IRQHandler                           0x0800011b   Thumb Code     0  startup_stm32f103xb.o(.text)
    SPI1_IRQHandler                          0x0800011b   Thumb Code     0  startup_stm32f103xb.o(.text)
    SPI2_IRQHandler                          0x0800011b   Thumb Code     0  startup_stm32f103xb.o(.text)
    TAMPER_IRQHandler                        0x0800011b   Thumb Code     0  startup_stm32f103xb.o(.text)
    TIM1_BRK_IRQHandler                      0x0800011b   Thumb Code     0  startup_stm32f103xb.o(.text)
    TIM1_CC_IRQHandler                       0x0800011b   Thumb Code     0  startup_stm32f103xb.o(.text)
    TIM1_TRG_COM_IRQHandler                  0x0800011b   Thumb Code     0  startup_stm32f103xb.o(.text)
    TIM1_UP_IRQHandler                       0x0800011b   Thumb Code     0  startup_stm32f103xb.o(.text)
    TIM2_IRQHandler                          0x0800011b   Thumb Code     0  startup_stm32f103xb.o(.text)
    TIM4_IRQHandler                          0x0800011b   Thumb Code     0  startup_stm32f103xb.o(.text)
    USBWakeUp_IRQHandler                     0x0800011b   Thumb Code     0  startup_stm32f103xb.o(.text)
    USB_HP_CAN1_TX_IRQHandler                0x0800011b   Thumb Code     0  startup_stm32f103xb.o(.text)
    USB_LP_CAN1_RX0_IRQHandler               0x0800011b   Thumb Code     0  startup_stm32f103xb.o(.text)
    WWDG_IRQHandler                          0x0800011b   Thumb Code     0  startup_stm32f103xb.o(.text)
    __aeabi_memcpy                           0x08000125   Thumb Code    36  memcpya.o(.text)
    __aeabi_memcpy4                          0x08000125   Thumb Code     0  memcpya.o(.text)
    __aeabi_memcpy8                          0x08000125   Thumb Code     0  memcpya.o(.text)
    __aeabi_memset                           0x08000149   Thumb Code    14  memseta.o(.text)
    __aeabi_memset4                          0x08000149   Thumb Code     0  memseta.o(.text)
    __aeabi_memset8                          0x08000149   Thumb Code     0  memseta.o(.text)
    __aeabi_memclr                           0x08000157   Thumb Code     4  memseta.o(.text)
    __aeabi_memclr4                          0x08000157   Thumb Code     0  memseta.o(.text)
    __aeabi_memclr8                          0x08000157   Thumb Code     0  memseta.o(.text)
    _memset$wrapper                          0x0800015b   Thumb Code    18  memseta.o(.text)
    strstr                                   0x0800016d   Thumb Code    36  strstr.o(.text)
    strchr                                   0x08000191   Thumb Code    20  strchr.o(.text)
    strlen                                   0x080001a5   Thumb Code    14  strlen.o(.text)
    memcmp                                   0x080001b3   Thumb Code    26  memcmp.o(.text)
    strncat                                  0x080001cd   Thumb Code    40  strncat.o(.text)
    strncmp                                  0x080001f5   Thumb Code    30  strncmp.o(.text)
    calloc                                   0x08000213   Thumb Code    28  calloc.o(.text)
    __aeabi_uidiv                            0x0800022f   Thumb Code     0  uidiv.o(.text)
    __aeabi_uidivmod                         0x0800022f   Thumb Code    44  uidiv.o(.text)
    __aeabi_uldivmod                         0x0800025b   Thumb Code    98  uldiv.o(.text)
    __I$use$fp                               0x080002bd   Thumb Code     0  iusefp.o(.text)
    __aeabi_dadd                             0x080002bd   Thumb Code   322  dadd.o(.text)
    __aeabi_dsub                             0x080003ff   Thumb Code     6  dadd.o(.text)
    __aeabi_drsub                            0x08000405   Thumb Code     6  dadd.o(.text)
    __aeabi_dmul                             0x0800040b   Thumb Code   228  dmul.o(.text)
    __aeabi_ddiv                             0x080004ef   Thumb Code   222  ddiv.o(.text)
    __aeabi_d2ulz                            0x080005cd   Thumb Code    48  dfixul.o(.text)
    __aeabi_cdrcmple                         0x080005fd   Thumb Code    48  cdrcmple.o(.text)
    __scatterload                            0x0800062d   Thumb Code    38  init.o(.text)
    __scatterload_rt2                        0x0800062d   Thumb Code     0  init.o(.text)
    __aeabi_llsl                             0x0800065d   Thumb Code    30  llshl.o(.text)
    _ll_shift_l                              0x0800065d   Thumb Code     0  llshl.o(.text)
    __aeabi_llsr                             0x0800067b   Thumb Code    32  llushr.o(.text)
    _ll_ushift_r                             0x0800067b   Thumb Code     0  llushr.o(.text)
    __aeabi_lasr                             0x0800069b   Thumb Code    36  llsshr.o(.text)
    _ll_sshift_r                             0x0800069b   Thumb Code     0  llsshr.o(.text)
    _double_round                            0x080006bf   Thumb Code    30  depilogue.o(.text)
    _double_epilogue                         0x080006dd   Thumb Code   156  depilogue.o(.text)
    AS608_UART_Init                          0x08000779   Thumb Code    48  as608.o(.text.AS608_UART_Init)
    AT24C02_ReadByte                         0x080007a9   Thumb Code    56  at24c02.o(.text.AT24C02_ReadByte)
    AT24C02_ReadBytes                        0x080007e1   Thumb Code   116  at24c02.o(.text.AT24C02_ReadBytes)
    AT24C02_WriteByte                        0x08000855   Thumb Code   340  at24c02.o(.text.AT24C02_WriteByte)
    AT24C02_WriteBytes                       0x080009a9   Thumb Code    82  at24c02.o(.text.AT24C02_WriteBytes)
    Add_FR_Blocking                          0x080009fd   Thumb Code   528  as608.o(.text.Add_FR_Blocking)
    Admin_VerifyPassword                     0x08000ca5   Thumb Code   252  main_interface.o(.text.Admin_VerifyPassword)
    Beep_Alarm_Start                         0x08000dad   Thumb Code    56  beep.o(.text.Beep_Alarm_Start)
    Beep_Init                                0x08000de5   Thumb Code    86  beep.o(.text.Beep_Init)
    Beep_Update                              0x08000e3d   Thumb Code   122  beep.o(.text.Beep_Update)
    BusFault_Handler                         0x08000eb9   Thumb Code     2  stm32f1xx_it.o(.text.BusFault_Handler)
    CalulateCRC                              0x08000ebd   Thumb Code   666  rc522.o(.text.CalulateCRC)
    CheckRfidCard                            0x08001159   Thumb Code   184  main_interface.o(.text.CheckRfidCard)
    DS1302_GetTime                           0x08001249   Thumb Code   166  ds1302.o(.text.DS1302_GetTime)
    DS1302_Init                              0x080012f1   Thumb Code   102  ds1302.o(.text.DS1302_Init)
    DS1302_InitIfNeeded                      0x08001359   Thumb Code    84  ds1302.o(.text.DS1302_InitIfNeeded)
    DS1302_ReadData                          0x080013ad   Thumb Code   710  ds1302.o(.text.DS1302_ReadData)
    DS1302_SetTime                           0x08001675   Thumb Code  1192  ds1302.o(.text.DS1302_SetTime)
    DebugMon_Handler                         0x08001b1d   Thumb Code     2  stm32f1xx_it.o(.text.DebugMon_Handler)
    ESP8266_Clear                            0x08001b21   Thumb Code    32  esp8266.o(.text.ESP8266_Clear)
    ESP8266_GetIPD                           0x08001b41   Thumb Code   102  esp8266.o(.text.ESP8266_GetIPD)
    ESP8266_Init                             0x08001ba9   Thumb Code   504  esp8266.o(.text.ESP8266_Init)
    ESP8266_SendCmd                          0x08001e39   Thumb Code   126  esp8266.o(.text.ESP8266_SendCmd)
    ESP8266_SendData                         0x08001eb9   Thumb Code   160  esp8266.o(.text.ESP8266_SendData)
    EXTI15_10_IRQHandler                     0x08001f69   Thumb Code    50  stm32f1xx_it.o(.text.EXTI15_10_IRQHandler)
    EnsureMessage                            0x08001f9d   Thumb Code    26  as608.o(.text.EnsureMessage)
    Error_Handler                            0x08001fb9   Thumb Code    10  main.o(.text.Error_Handler)
    Func_AddFingerprint                      0x08001fc5   Thumb Code    72  menu_system.o(.text.Func_AddFingerprint)
    Func_AddICCard                           0x0800200d   Thumb Code   400  menu_system.o(.text.Func_AddICCard)
    Func_AdminLogout                         0x0800222d   Thumb Code    36  menu_system.o(.text.Func_AdminLogout)
    Func_ChangeAdminPwd                      0x08002251   Thumb Code   404  menu_system.o(.text.Func_ChangeAdminPwd)
    Func_ChangeUserPwdOnly                   0x08002441   Thumb Code   408  menu_system.o(.text.Func_ChangeUserPwdOnly)
    Func_DelFingerprint                      0x08002629   Thumb Code   260  menu_system.o(.text.Func_DelFingerprint)
    Func_DelICCard                           0x08002771   Thumb Code   804  menu_system.o(.text.Func_DelICCard)
    Func_DelOneFingerprint                   0x08002b09   Thumb Code   600  menu_system.o(.text.Func_DelOneFingerprint)
    Func_Lock                                0x08002dd1   Thumb Code    92  main_interface.o(.text.Func_Lock)
    Func_Unlock                              0x08002e45   Thumb Code   112  main_interface.o(.text.Func_Unlock)
    Func_ViewLogs                            0x08002ecd   Thumb Code  1656  menu_system.o(.text.Func_ViewLogs)
    HAL_DMA_Abort                            0x08003571   Thumb Code    70  stm32f1xx_hal_dma.o(.text.HAL_DMA_Abort)
    HAL_DMA_Abort_IT                         0x080035b9   Thumb Code   182  stm32f1xx_hal_dma.o(.text.HAL_DMA_Abort_IT)
    HAL_DMA_GetError                         0x08003671   Thumb Code     4  stm32f1xx_hal_dma.o(.text.HAL_DMA_GetError)
    HAL_Delay                                0x08003675   Thumb Code    40  stm32f1xx_hal.o(.text.HAL_Delay)
    HAL_GPIO_Init                            0x0800369d   Thumb Code   526  stm32f1xx_hal_gpio.o(.text.HAL_GPIO_Init)
    HAL_GPIO_ReadPin                         0x080038ad   Thumb Code    10  stm32f1xx_hal_gpio.o(.text.HAL_GPIO_ReadPin)
    HAL_GPIO_TogglePin                       0x080038b9   Thumb Code    16  stm32f1xx_hal_gpio.o(.text.HAL_GPIO_TogglePin)
    HAL_GPIO_WritePin                        0x080038c9   Thumb Code    10  stm32f1xx_hal_gpio.o(.text.HAL_GPIO_WritePin)
    HAL_GetTick                              0x080038d5   Thumb Code    12  stm32f1xx_hal.o(.text.HAL_GetTick)
    HAL_I2C_Init                             0x080038e1   Thumb Code   356  stm32f1xx_hal_i2c.o(.text.HAL_I2C_Init)
    HAL_I2C_Mem_Read                         0x08003a45   Thumb Code   842  stm32f1xx_hal_i2c.o(.text.HAL_I2C_Mem_Read)
    HAL_I2C_Mem_Write                        0x08003d91   Thumb Code   348  stm32f1xx_hal_i2c.o(.text.HAL_I2C_Mem_Write)
    HAL_I2C_MspInit                          0x08003eed   Thumb Code   106  i2c.o(.text.HAL_I2C_MspInit)
    HAL_IncTick                              0x08003f59   Thumb Code    26  stm32f1xx_hal.o(.text.HAL_IncTick)
    HAL_Init                                 0x08003f75   Thumb Code    38  stm32f1xx_hal.o(.text.HAL_Init)
    HAL_InitTick                             0x08003f9d   Thumb Code    72  stm32f1xx_hal.o(.text.HAL_InitTick)
    HAL_MspInit                              0x08003fe5   Thumb Code    66  stm32f1xx_hal_msp.o(.text.HAL_MspInit)
    HAL_NVIC_EnableIRQ                       0x08004029   Thumb Code    34  stm32f1xx_hal_cortex.o(.text.HAL_NVIC_EnableIRQ)
    HAL_NVIC_SetPriority                     0x0800404d   Thumb Code    86  stm32f1xx_hal_cortex.o(.text.HAL_NVIC_SetPriority)
    HAL_NVIC_SetPriorityGrouping             0x080040a5   Thumb Code    32  stm32f1xx_hal_cortex.o(.text.HAL_NVIC_SetPriorityGrouping)
    HAL_PWR_DisableBkUpAccess                0x080040c5   Thumb Code    12  stm32f1xx_hal_pwr.o(.text.HAL_PWR_DisableBkUpAccess)
    HAL_PWR_EnableBkUpAccess                 0x080040d1   Thumb Code    12  stm32f1xx_hal_pwr.o(.text.HAL_PWR_EnableBkUpAccess)
    HAL_RCCEx_GetPeriphCLKFreq               0x080040dd   Thumb Code   228  stm32f1xx_hal_rcc_ex.o(.text.HAL_RCCEx_GetPeriphCLKFreq)
    HAL_RCCEx_PeriphCLKConfig                0x080041d5   Thumb Code   258  stm32f1xx_hal_rcc_ex.o(.text.HAL_RCCEx_PeriphCLKConfig)
    HAL_RCC_ClockConfig                      0x080042d9   Thumb Code   442  stm32f1xx_hal_rcc.o(.text.HAL_RCC_ClockConfig)
    HAL_RCC_GetPCLK1Freq                     0x08004495   Thumb Code    38  stm32f1xx_hal_rcc.o(.text.HAL_RCC_GetPCLK1Freq)
    HAL_RCC_GetPCLK2Freq                     0x080044bd   Thumb Code    38  stm32f1xx_hal_rcc.o(.text.HAL_RCC_GetPCLK2Freq)
    HAL_RCC_OscConfig                        0x080044e5   Thumb Code  1024  stm32f1xx_hal_rcc.o(.text.HAL_RCC_OscConfig)
    HAL_RTC_Init                             0x080048e5   Thumb Code   240  stm32f1xx_hal_rtc.o(.text.HAL_RTC_Init)
    HAL_RTC_MspInit                          0x080049d5   Thumb Code    70  rtc.o(.text.HAL_RTC_MspInit)
    HAL_SPI_Init                             0x08004a1d   Thumb Code   168  stm32f1xx_hal_spi.o(.text.HAL_SPI_Init)
    HAL_SPI_MspInit                          0x08004ac5   Thumb Code   122  spi.o(.text.HAL_SPI_MspInit)
    HAL_SPI_Receive                          0x08004b41   Thumb Code   512  stm32f1xx_hal_spi.o(.text.HAL_SPI_Receive)
    HAL_SPI_Transmit                         0x08004d41   Thumb Code   506  stm32f1xx_hal_spi.o(.text.HAL_SPI_Transmit)
    HAL_SPI_TransmitReceive                  0x08004f3d   Thumb Code   722  stm32f1xx_hal_spi.o(.text.HAL_SPI_TransmitReceive)
    HAL_SYSTICK_Config                       0x08005211   Thumb Code    44  stm32f1xx_hal_cortex.o(.text.HAL_SYSTICK_Config)
    HAL_TIMEx_BreakCallback                  0x0800523d   Thumb Code     2  stm32f1xx_hal_tim_ex.o(.text.HAL_TIMEx_BreakCallback)
    HAL_TIMEx_CommutCallback                 0x08005241   Thumb Code     2  stm32f1xx_hal_tim_ex.o(.text.HAL_TIMEx_CommutCallback)
    HAL_TIMEx_MasterConfigSynchronization    0x08005245   Thumb Code   126  stm32f1xx_hal_tim_ex.o(.text.HAL_TIMEx_MasterConfigSynchronization)
    HAL_TIM_Base_Init                        0x080052c5   Thumb Code   250  stm32f1xx_hal_tim.o(.text.HAL_TIM_Base_Init)
    HAL_TIM_Base_MspInit                     0x080053c1   Thumb Code    68  tim.o(.text.HAL_TIM_Base_MspInit)
    HAL_TIM_ConfigClockSource                0x08005405   Thumb Code   416  stm32f1xx_hal_tim.o(.text.HAL_TIM_ConfigClockSource)
    HAL_TIM_IC_CaptureCallback               0x080055a5   Thumb Code     2  stm32f1xx_hal_tim.o(.text.HAL_TIM_IC_CaptureCallback)
    HAL_TIM_IRQHandler                       0x080055a9   Thumb Code   334  stm32f1xx_hal_tim.o(.text.HAL_TIM_IRQHandler)
    HAL_TIM_OC_DelayElapsedCallback          0x080056f9   Thumb Code     2  stm32f1xx_hal_tim.o(.text.HAL_TIM_OC_DelayElapsedCallback)
    HAL_TIM_PWM_PulseFinishedCallback        0x080056fd   Thumb Code     2  stm32f1xx_hal_tim.o(.text.HAL_TIM_PWM_PulseFinishedCallback)
    HAL_TIM_PeriodElapsedCallback            0x08005701   Thumb Code     2  stm32f1xx_hal_tim.o(.text.HAL_TIM_PeriodElapsedCallback)
    HAL_TIM_TriggerCallback                  0x08005705   Thumb Code     2  stm32f1xx_hal_tim.o(.text.HAL_TIM_TriggerCallback)
    HAL_UARTEx_RxEventCallback               0x08005709   Thumb Code     2  stm32f1xx_hal_uart.o(.text.HAL_UARTEx_RxEventCallback)
    HAL_UART_AbortReceive                    0x0800570d   Thumb Code   366  stm32f1xx_hal_uart.o(.text.HAL_UART_AbortReceive)
    HAL_UART_ErrorCallback                   0x0800587d   Thumb Code     2  stm32f1xx_hal_uart.o(.text.HAL_UART_ErrorCallback)
    HAL_UART_IRQHandler                      0x08005881   Thumb Code  1392  stm32f1xx_hal_uart.o(.text.HAL_UART_IRQHandler)
    HAL_UART_Init                            0x08005df1   Thumb Code   226  stm32f1xx_hal_uart.o(.text.HAL_UART_Init)
    HAL_UART_MspInit                         0x08005ed5   Thumb Code   294  usart.o(.text.HAL_UART_MspInit)
    HAL_UART_Receive_IT                      0x08005ffd   Thumb Code    84  stm32f1xx_hal_uart.o(.text.HAL_UART_Receive_IT)
    HAL_UART_RxCpltCallback                  0x08006051   Thumb Code   112  main.o(.text.HAL_UART_RxCpltCallback)
    HAL_UART_Transmit                        0x080060c1   Thumb Code   402  stm32f1xx_hal_uart.o(.text.HAL_UART_Transmit)
    HAL_UART_TxCpltCallback                  0x08006255   Thumb Code     2  stm32f1xx_hal_uart.o(.text.HAL_UART_TxCpltCallback)
    HardFault_Handler                        0x08006259   Thumb Code     2  stm32f1xx_it.o(.text.HardFault_Handler)
    IC_AddCard                               0x080068e5   Thumb Code   422  rc522.o(.text.IC_AddCard)
    IC_CheckCard                             0x08006a8d   Thumb Code    78  rc522.o(.text.IC_CheckCard)
    InputPassword                            0x08006add   Thumb Code   396  main_interface.o(.text.InputPassword)
    Key_GPIO_Init                            0x08006c89   Thumb Code   204  key.o(.text.Key_GPIO_Init)
    Key_LongPressed                          0x08006d65   Thumb Code   120  key.o(.text.Key_LongPressed)
    Key_scan                                 0x08006ddd   Thumb Code   896  key.o(.text.Key_scan)
    LoadFingerSlotUsage                      0x0800715d   Thumb Code   232  as608.o(.text.LoadFingerSlotUsage)
    Log_Add                                  0x08007269   Thumb Code   452  at24c02.o(.text.Log_Add)
    Log_Init                                 0x080074a9   Thumb Code   104  at24c02.o(.text.Log_Init)
    Log_RecordAndUpload                      0x08007511   Thumb Code    12  onenet.o(.text.Log_RecordAndUpload)
    Log_UnlockEvent                          0x08007535   Thumb Code    94  at24c02.o(.text.Log_UnlockEvent)
    M500PcdConfigISOType                     0x08007595   Thumb Code   606  rc522.o(.text.M500PcdConfigISOType)
    MQTT_DeleteBuffer                        0x080077f5   Thumb Code    28  mqttkit.o(.text.MQTT_DeleteBuffer)
    MQTT_PacketConnect                       0x08007811   Thumb Code   880  mqttkit.o(.text.MQTT_PacketConnect)
    MQTT_PacketPing                          0x08007b81   Thumb Code   208  mqttkit.o(.text.MQTT_PacketPing)
    MQTT_PacketPublish                       0x08007c51   Thumb Code  1454  mqttkit.o(.text.MQTT_PacketPublish)
    MQTT_PacketSubscribe                     0x08008201   Thumb Code   532  mqttkit.o(.text.MQTT_PacketSubscribe)
    MQTT_UnPacketConnectAck                  0x08008415   Thumb Code    22  mqttkit.o(.text.MQTT_UnPacketConnectAck)
    MQTT_UnPacketPublish                     0x0800842d   Thumb Code   418  mqttkit.o(.text.MQTT_UnPacketPublish)
    MQTT_UnPacketPublishAck                  0x080085d1   Thumb Code    24  mqttkit.o(.text.MQTT_UnPacketPublishAck)
    MQTT_UnPacketRecv                        0x080085e9   Thumb Code   174  mqttkit.o(.text.MQTT_UnPacketRecv)
    MQTT_UnPacketSubscribe                   0x08008699   Thumb Code    36  mqttkit.o(.text.MQTT_UnPacketSubscribe)
    MX_GPIO_Init                             0x080086bd   Thumb Code   184  gpio.o(.text.MX_GPIO_Init)
    MX_I2C1_Init                             0x08008775   Thumb Code    66  i2c.o(.text.MX_I2C1_Init)
    MX_RTC_Init                              0x080087b9   Thumb Code    48  rtc.o(.text.MX_RTC_Init)
    MX_SPI1_Init                             0x080087e9   Thumb Code    76  spi.o(.text.MX_SPI1_Init)
    MX_TIM3_Init                             0x08008835   Thumb Code   118  tim.o(.text.MX_TIM3_Init)
    MX_USART1_UART_Init                      0x080088ad   Thumb Code    62  usart.o(.text.MX_USART1_UART_Init)
    MX_USART2_UART_Init                      0x080088ed   Thumb Code    60  usart.o(.text.MX_USART2_UART_Init)
    MX_USART3_UART_Init                      0x08008929   Thumb Code    60  usart.o(.text.MX_USART3_UART_Init)
    MainInterface_Display                    0x08008965   Thumb Code   168  main_interface.o(.text.MainInterface_Display)
    MemManage_Handler                        0x08008a81   Thumb Code     2  stm32f1xx_it.o(.text.MemManage_Handler)
    Menu_Display                             0x08008a85   Thumb Code   310  menu_system.o(.text.Menu_Display)
    Menu_Init                                0x08008bbd   Thumb Code   130  menu_system.o(.text.Menu_Init)
    Menu_IsReturnPending                     0x08008c41   Thumb Code    12  menu_system.o(.text.Menu_IsReturnPending)
    Menu_ProcessOp                           0x08008c4d   Thumb Code   694  menu_system.o(.text.Menu_ProcessOp)
    Menu_Update                              0x08008f05   Thumb Code   160  menu_system.o(.text.Menu_Update)
    NMI_Handler                              0x08008fbd   Thumb Code     2  stm32f1xx_it.o(.text.NMI_Handler)
    OLED_CLS                                 0x08008fc1   Thumb Code    20  oled.o(.text.OLED_CLS)
    OLED_Init                                0x08008fd5   Thumb Code   798  oled.o(.text.OLED_Init)
    OLED_ShowChar                            0x080092f5   Thumb Code   598  oled.o(.text.OLED_ShowChar)
    OLED_ShowStr                             0x0800954d   Thumb Code    88  oled.o(.text.OLED_ShowStr)
    OLED_Update                              0x080095a5   Thumb Code   182  oled.o(.text.OLED_Update)
    OneNET_KeepAlive                         0x0800965d   Thumb Code    48  onenet.o(.text.OneNET_KeepAlive)
    OneNET_Subscribe                         0x08009699   Thumb Code   112  onenet.o(.text.OneNET_Subscribe)
    OneNet_DevLink                           0x08009741   Thumb Code   284  onenet.o(.text.OneNet_DevLink)
    OneNet_RevPro                            0x080098e5   Thumb Code  1740  onenet.o(.text.OneNet_RevPro)
    OneNet_SendData                          0x0800a055   Thumb Code   176  onenet.o(.text.OneNet_SendData)
    PS_DeletChar                             0x0800a14d   Thumb Code   546  as608.o(.text.PS_DeletChar)
    PS_DeleteTemplate                        0x0800a371   Thumb Code     6  as608.o(.text.PS_DeleteTemplate)
    PS_Empty                                 0x0800a379   Thumb Code   424  as608.o(.text.PS_Empty)
    PS_GenChar                               0x0800a521   Thumb Code   448  as608.o(.text.PS_GenChar)
    PS_GetImage                              0x0800a6e1   Thumb Code   420  as608.o(.text.PS_GetImage)
    PS_GetImage_Block                        0x0800a885   Thumb Code    52  as608.o(.text.PS_GetImage_Block)
    PS_HandShake                             0x0800a8b9   Thumb Code   420  as608.o(.text.PS_HandShake)
    PS_HighSpeedSearch                       0x0800aa5d   Thumb Code   572  as608.o(.text.PS_HighSpeedSearch)
    PS_Match                                 0x0800ac99   Thumb Code   420  as608.o(.text.PS_Match)
    PS_ReadNotepad                           0x0800ae3d   Thumb Code   452  as608.o(.text.PS_ReadNotepad)
    PS_RegModel                              0x0800b001   Thumb Code   424  as608.o(.text.PS_RegModel)
    PS_StaGPIO_Init                          0x0800b1a9   Thumb Code   142  as608.o(.text.PS_StaGPIO_Init)
    PS_StoreChar                             0x0800b239   Thumb Code   510  as608.o(.text.PS_StoreChar)
    PS_Wakeup                                0x0800b439   Thumb Code    14  as608.o(.text.PS_Wakeup)
    PS_WriteNotepad                          0x0800b449   Thumb Code   510  as608.o(.text.PS_WriteNotepad)
    PcdAnticoll                              0x0800b649   Thumb Code   524  rc522.o(.text.PcdAnticoll)
    PcdComMF522                              0x0800b8c9   Thumb Code  1540  rc522.o(.text.PcdComMF522)
    PcdHalt                                  0x0800becd   Thumb Code    50  rc522.o(.text.PcdHalt)
    PcdRequest                               0x0800bf01   Thumb Code   350  rc522.o(.text.PcdRequest)
    PcdReset                                 0x0800c061   Thumb Code   516  rc522.o(.text.PcdReset)
    PendSV_Handler                           0x0800c265   Thumb Code     2  stm32f1xx_it.o(.text.PendSV_Handler)
    RC522_Init                               0x0800c269   Thumb Code   428  rc522.o(.text.RC522_Init)
    Relay_Init                               0x0800c459   Thumb Code    96  relay.o(.text.Relay_Init)
    Relay_Off                                0x0800c4b9   Thumb Code    18  relay.o(.text.Relay_Off)
    Relay_Pulse_Start                        0x0800c4cd   Thumb Code    44  relay.o(.text.Relay_Pulse_Start)
    Relay_Update                             0x0800c4f9   Thumb Code    52  relay.o(.text.Relay_Update)
    SVC_Handler                              0x0800c64d   Thumb Code     2  stm32f1xx_it.o(.text.SVC_Handler)
    SaveFingerSlotUsage                      0x0800c651   Thumb Code   172  as608.o(.text.SaveFingerSlotUsage)
    SoftTimer_IsExpired                      0x0800c755   Thumb Code    38  soft_timer.o(.text.SoftTimer_IsExpired)
    SoftTimer_Start                          0x0800c77d   Thumb Code    20  soft_timer.o(.text.SoftTimer_Start)
    SoftTimer_Stop                           0x0800c791   Thumb Code     6  soft_timer.o(.text.SoftTimer_Stop)
    SysTick_Handler                          0x0800c799   Thumb Code     4  stm32f1xx_it.o(.text.SysTick_Handler)
    SystemInit                               0x0800c79d   Thumb Code     2  system_stm32f1xx.o(.text.SystemInit)
    TIM3_IRQHandler                          0x0800c7a1   Thumb Code    12  stm32f1xx_it.o(.text.TIM3_IRQHandler)
    USART1_IRQHandler                        0x0800c8b9   Thumb Code    94  stm32f1xx_it.o(.text.USART1_IRQHandler)
    USART2_IRQHandler                        0x0800c919   Thumb Code    12  stm32f1xx_it.o(.text.USART2_IRQHandler)
    USART3_IRQHandler                        0x0800c925   Thumb Code    12  stm32f1xx_it.o(.text.USART3_IRQHandler)
    UsageFault_Handler                       0x0800c931   Thumb Code     2  stm32f1xx_it.o(.text.UsageFault_Handler)
    Usart_SendString                         0x0800c935   Thumb Code    14  usart.o(.text.Usart_SendString)
    User_VerifyPassword                      0x0800c945   Thumb Code   324  main_interface.o(.text.User_VerifyPassword)
    Verify_Fingerprint                       0x0800caa5   Thumb Code   272  main_interface.o(.text.Verify_Fingerprint)
    fputc                                    0x0800ce29   Thumb Code    42  usart.o(.text.fputc)
    main                                     0x0800ce55   Thumb Code  1396  main.o(.text.main)
    __0printf                                0x0800d485   Thumb Code    22  printfa.o(i.__0printf)
    __1printf                                0x0800d485   Thumb Code     0  printfa.o(i.__0printf)
    __2printf                                0x0800d485   Thumb Code     0  printfa.o(i.__0printf)
    __c89printf                              0x0800d485   Thumb Code     0  printfa.o(i.__0printf)
    printf                                   0x0800d485   Thumb Code     0  printfa.o(i.__0printf)
    __0snprintf                              0x0800d4a5   Thumb Code    48  printfa.o(i.__0snprintf)
    __1snprintf                              0x0800d4a5   Thumb Code     0  printfa.o(i.__0snprintf)
    __2snprintf                              0x0800d4a5   Thumb Code     0  printfa.o(i.__0snprintf)
    __c89snprintf                            0x0800d4a5   Thumb Code     0  printfa.o(i.__0snprintf)
    snprintf                                 0x0800d4a5   Thumb Code     0  printfa.o(i.__0snprintf)
    __0sprintf                               0x0800d4d9   Thumb Code    34  printfa.o(i.__0sprintf)
    __1sprintf                               0x0800d4d9   Thumb Code     0  printfa.o(i.__0sprintf)
    __2sprintf                               0x0800d4d9   Thumb Code     0  printfa.o(i.__0sprintf)
    __c89sprintf                             0x0800d4d9   Thumb Code     0  printfa.o(i.__0sprintf)
    sprintf                                  0x0800d4d9   Thumb Code     0  printfa.o(i.__0sprintf)
    __scatterload_copy                       0x0800d501   Thumb Code    14  handlers.o(i.__scatterload_copy)
    __scatterload_null                       0x0800d50f   Thumb Code     2  handlers.o(i.__scatterload_null)
    __scatterload_zeroinit                   0x0800d511   Thumb Code    14  handlers.o(i.__scatterload_zeroinit)
    free                                     0x0800ddf5   Thumb Code    76  malloc.o(i.free)
    malloc                                   0x0800de45   Thumb Code    92  malloc.o(i.malloc)
    puts                                     0x0800deb1   Thumb Code    30  puts.o(i.puts)
    AHBPrescTable                            0x0800dee4   Data          16  system_stm32f1xx.o(.rodata.AHBPrescTable)
    APBPrescTable                            0x0800def4   Data           8  system_stm32f1xx.o(.rodata.APBPrescTable)
    F6x8                                     0x0800defc   Data         552  oled.o(.rodata.F6x8)
    F8X16                                    0x0800e124   Data        1536  oled.o(.rodata.F8X16)
    key_map                                  0x0800e736   Data          32  key.o(.rodata.key_map)
    Region$$Table$$Base                      0x0800ec74   Number         0  anon$$obj.o(Region$$Table)
    Region$$Table$$Limit                     0x0800ec94   Number         0  anon$$obj.o(Region$$Table)
    __stdout                                 0x20000000   Data           4  stdout.o(.data)
    __microlib_freelist                      0x20000004   Data           4  mvars.o(.data)
    __microlib_freelist_initialised          0x20000008   Data           4  mvars.o(.data)
    default_time                             0x2000000d   Data           7  main.o(.data..L_MergedGlobals)
    uwTickFreq                               0x20000014   Data           1  stm32f1xx_hal.o(.data..L_MergedGlobals)
    uwTickPrio                               0x20000018   Data           4  stm32f1xx_hal.o(.data..L_MergedGlobals)
    AS608Addr                                0x2000001c   Data           4  as608.o(.data.AS608Addr)
    SystemCoreClock                          0x20000020   Data           4  system_stm32f1xx.o(.data.SystemCoreClock)
    Time                                     0x20000024   Data           7  ds1302.o(.data.Time)
    esp8266_cnt                              0x20000100   Data           2  esp8266.o(.bss..L_MergedGlobals)
    esp8266_cntPre                           0x20000102   Data           2  esp8266.o(.bss..L_MergedGlobals)
    g_current_menu                           0x2000012c   Data           4  menu_system.o(.bss..L_MergedGlobals)
    finger_slot_usage                        0x2000013c   Data           1  as608.o(.bss..L_MergedGlobals)
    AS608_RX_STA                             0x2000013e   Data           2  as608.o(.bss..L_MergedGlobals)
    sys_state                                0x20000140   Data           1  main.o(.bss..L_MergedGlobals.21)
    admin_logged_in                          0x20000141   Data           1  main.o(.bss..L_MergedGlobals.21)
    lock_flag                                0x20000142   Data           1  main.o(.bss..L_MergedGlobals.21)
    add_flag                                 0x20000143   Data           1  main.o(.bss..L_MergedGlobals.21)
    auto_lock_pending                        0x20000144   Data           1  main.o(.bss..L_MergedGlobals.21)
    rx_temp                                  0x20000145   Data           1  main.o(.bss..L_MergedGlobals.21)
    rx_temp_uart3                            0x20000146   Data           1  main.o(.bss..L_MergedGlobals.21)
    menu_idle_timeout                        0x20000148   Data           4  main.o(.bss..L_MergedGlobals.21)
    auto_lock_timer                          0x20000154   Data          12  main.o(.bss..L_MergedGlobals.21)
    AS608_RX_BUF                             0x20000160   Data         200  as608.o(.bss.AS608_RX_BUF)
    esp8266_buf                              0x20000230   Data         512  esp8266.o(.bss.esp8266_buf)
    finger_touch_flag                        0x20000430   Data           1  as608.o(.bss.finger_touch_flag)
    framebuffer                              0x20000434   Data        1024  oled.o(.bss.framebuffer)
    hi2c1                                    0x20000834   Data          84  i2c.o(.bss.hi2c1)
    hrtc                                     0x20000888   Data          20  rtc.o(.bss.hrtc)
    hspi1                                    0x2000089c   Data          88  spi.o(.bss.hspi1)
    htim3                                    0x200008f4   Data          72  tim.o(.bss.htim3)
    huart1                                   0x2000093c   Data          72  usart.o(.bss.huart1)
    huart2                                   0x20000984   Data          72  usart.o(.bss.huart2)
    huart3                                   0x200009cc   Data          72  usart.o(.bss.huart3)
    uwTick                                   0x20000a84   Data           4  stm32f1xx_hal.o(.bss.uwTick)
    __heap_base                              0x20000a88   Data           0  startup_stm32f103xb.o(HEAP)
    __heap_limit                             0x20000c88   Data           0  startup_stm32f103xb.o(HEAP)
    __initial_sp                             0x20001088   Data           0  startup_stm32f103xb.o(STACK)



==============================================================================

Memory Map of the image

  Image Entry point : 0x080000ed

  Load Region LR_IROM1 (Base: 0x08000000, Size: 0x0000ed90, Max: 0x00010000, ABSOLUTE)

    Execution Region ER_IROM1 (Exec base: 0x08000000, Load base: 0x08000000, Size: 0x0000ec94, Max: 0x00010000, ABSOLUTE)

    Exec Addr    Load Addr    Size         Type   Attr      Idx    E Section Name        Object

    0x08000000   0x08000000   0x000000ec   Data   RO            3    RESET               startup_stm32f103xb.o
    0x080000ec   0x080000ec   0x00000000   Code   RO         1789  * .ARM.Collect$$$$00000000  mc_w.l(entry.o)
    0x080000ec   0x080000ec   0x00000004   Code   RO         2105    .ARM.Collect$$$$00000001  mc_w.l(entry2.o)
    0x080000f0   0x080000f0   0x00000004   Code   RO         2108    .ARM.Collect$$$$00000004  mc_w.l(entry5.o)
    0x080000f4   0x080000f4   0x00000000   Code   RO         2110    .ARM.Collect$$$$00000008  mc_w.l(entry7b.o)
    0x080000f4   0x080000f4   0x00000000   Code   RO         2112    .ARM.Collect$$$$0000000A  mc_w.l(entry8b.o)
    0x080000f4   0x080000f4   0x00000008   Code   RO         2113    .ARM.Collect$$$$0000000B  mc_w.l(entry9a.o)
    0x080000fc   0x080000fc   0x00000000   Code   RO         2115    .ARM.Collect$$$$0000000D  mc_w.l(entry10a.o)
    0x080000fc   0x080000fc   0x00000000   Code   RO         2117    .ARM.Collect$$$$0000000F  mc_w.l(entry11a.o)
    0x080000fc   0x080000fc   0x00000004   Code   RO         2106    .ARM.Collect$$$$00002712  mc_w.l(entry2.o)
    0x08000100   0x08000100   0x00000024   Code   RO            4    .text               startup_stm32f103xb.o
    0x08000124   0x08000124   0x00000024   Code   RO         1796    .text               mc_w.l(memcpya.o)
    0x08000148   0x08000148   0x00000024   Code   RO         1798    .text               mc_w.l(memseta.o)
    0x0800016c   0x0800016c   0x00000024   Code   RO         1800    .text               mc_w.l(strstr.o)
    0x08000190   0x08000190   0x00000014   Code   RO         1802    .text               mc_w.l(strchr.o)
    0x080001a4   0x080001a4   0x0000000e   Code   RO         1804    .text               mc_w.l(strlen.o)
    0x080001b2   0x080001b2   0x0000001a   Code   RO         1806    .text               mc_w.l(memcmp.o)
    0x080001cc   0x080001cc   0x00000028   Code   RO         1808    .text               mc_w.l(strncat.o)
    0x080001f4   0x080001f4   0x0000001e   Code   RO         1810    .text               mc_w.l(strncmp.o)
    0x08000212   0x08000212   0x0000001c   Code   RO         2103    .text               mc_w.l(calloc.o)
    0x0800022e   0x0800022e   0x0000002c   Code   RO         2129    .text               mc_w.l(uidiv.o)
    0x0800025a   0x0800025a   0x00000062   Code   RO         2131    .text               mc_w.l(uldiv.o)
    0x080002bc   0x080002bc   0x00000000   Code   RO         2135    .text               mc_w.l(iusefp.o)
    0x080002bc   0x080002bc   0x0000014e   Code   RO         2136    .text               mf_w.l(dadd.o)
    0x0800040a   0x0800040a   0x000000e4   Code   RO         2138    .text               mf_w.l(dmul.o)
    0x080004ee   0x080004ee   0x000000de   Code   RO         2140    .text               mf_w.l(ddiv.o)
    0x080005cc   0x080005cc   0x00000030   Code   RO         2142    .text               mf_w.l(dfixul.o)
    0x080005fc   0x080005fc   0x00000030   Code   RO         2144    .text               mf_w.l(cdrcmple.o)
    0x0800062c   0x0800062c   0x00000030   Code   RO         2146    .text               mc_w.l(init.o)
    0x0800065c   0x0800065c   0x0000001e   Code   RO         2148    .text               mc_w.l(llshl.o)
    0x0800067a   0x0800067a   0x00000020   Code   RO         2150    .text               mc_w.l(llushr.o)
    0x0800069a   0x0800069a   0x00000024   Code   RO         2152    .text               mc_w.l(llsshr.o)
    0x080006be   0x080006be   0x000000ba   Code   RO         2154    .text               mf_w.l(depilogue.o)
    0x08000778   0x08000778   0x00000030   Code   RO         1737    .text.AS608_UART_Init  as608.o
    0x080007a8   0x080007a8   0x00000038   Code   RO         1543    .text.AT24C02_ReadByte  at24c02.o
    0x080007e0   0x080007e0   0x00000074   Code   RO         1545    .text.AT24C02_ReadBytes  at24c02.o
    0x08000854   0x08000854   0x00000154   Code   RO         1541    .text.AT24C02_WriteByte  at24c02.o
    0x080009a8   0x080009a8   0x00000052   Code   RO         1547    .text.AT24C02_WriteBytes  at24c02.o
    0x080009fa   0x080009fa   0x00000002   PAD
    0x080009fc   0x080009fc   0x000002a8   Code   RO         1763    .text.Add_FR_Blocking  as608.o
    0x08000ca4   0x08000ca4   0x00000108   Code   RO         1700    .text.Admin_VerifyPassword  main_interface.o
    0x08000dac   0x08000dac   0x00000038   Code   RO         1592    .text.Beep_Alarm_Start  beep.o
    0x08000de4   0x08000de4   0x00000056   Code   RO         1600    .text.Beep_Init     beep.o
    0x08000e3a   0x08000e3a   0x00000002   PAD
    0x08000e3c   0x08000e3c   0x0000007a   Code   RO         1596    .text.Beep_Update   beep.o
    0x08000eb6   0x08000eb6   0x00000002   PAD
    0x08000eb8   0x08000eb8   0x00000002   Code   RO          109    .text.BusFault_Handler  stm32f1xx_it.o
    0x08000eba   0x08000eba   0x00000002   PAD
    0x08000ebc   0x08000ebc   0x0000029a   Code   RO         1506    .text.CalulateCRC   rc522.o
    0x08001156   0x08001156   0x00000002   PAD
    0x08001158   0x08001158   0x000000f0   Code   RO         1712    .text.CheckRfidCard  main_interface.o
    0x08001248   0x08001248   0x000000a6   Code   RO         1579    .text.DS1302_GetTime  ds1302.o
    0x080012ee   0x080012ee   0x00000002   PAD
    0x080012f0   0x080012f0   0x00000066   Code   RO         1575    .text.DS1302_Init   ds1302.o
    0x08001356   0x08001356   0x00000002   PAD
    0x08001358   0x08001358   0x00000054   Code   RO         1581    .text.DS1302_InitIfNeeded  ds1302.o
    0x080013ac   0x080013ac   0x000002c6   Code   RO         1573    .text.DS1302_ReadData  ds1302.o
    0x08001672   0x08001672   0x00000002   PAD
    0x08001674   0x08001674   0x000004a8   Code   RO         1577    .text.DS1302_SetTime  ds1302.o
    0x08001b1c   0x08001b1c   0x00000002   Code   RO          115    .text.DebugMon_Handler  stm32f1xx_it.o
    0x08001b1e   0x08001b1e   0x00000002   PAD
    0x08001b20   0x08001b20   0x00000020   Code   RO         1369    .text.ESP8266_Clear  esp8266.o
    0x08001b40   0x08001b40   0x00000066   Code   RO         1377    .text.ESP8266_GetIPD  esp8266.o
    0x08001ba6   0x08001ba6   0x00000002   PAD
    0x08001ba8   0x08001ba8   0x00000290   Code   RO         1379    .text.ESP8266_Init  esp8266.o
    0x08001e38   0x08001e38   0x0000007e   Code   RO         1373    .text.ESP8266_SendCmd  esp8266.o
    0x08001eb6   0x08001eb6   0x00000002   PAD
    0x08001eb8   0x08001eb8   0x000000b0   Code   RO         1375    .text.ESP8266_SendData  esp8266.o
    0x08001f68   0x08001f68   0x00000032   Code   RO          129    .text.EXTI15_10_IRQHandler  stm32f1xx_it.o
    0x08001f9a   0x08001f9a   0x00000002   PAD
    0x08001f9c   0x08001f9c   0x0000001a   Code   RO         1759    .text.EnsureMessage  as608.o
    0x08001fb6   0x08001fb6   0x00000002   PAD
    0x08001fb8   0x08001fb8   0x0000000a   Code   RO           15    .text.Error_Handler  main.o
    0x08001fc2   0x08001fc2   0x00000002   PAD
    0x08001fc4   0x08001fc4   0x00000048   Code   RO         1652    .text.Func_AddFingerprint  menu_system.o
    0x0800200c   0x0800200c   0x00000220   Code   RO         1660    .text.Func_AddICCard  menu_system.o
    0x0800222c   0x0800222c   0x00000024   Code   RO         1638    .text.Func_AdminLogout  menu_system.o
    0x08002250   0x08002250   0x000001f0   Code   RO         1648    .text.Func_ChangeAdminPwd  menu_system.o
    0x08002440   0x08002440   0x000001e8   Code   RO         1650    .text.Func_ChangeUserPwdOnly  menu_system.o
    0x08002628   0x08002628   0x00000148   Code   RO         1656    .text.Func_DelFingerprint  menu_system.o
    0x08002770   0x08002770   0x00000398   Code   RO         1662    .text.Func_DelICCard  menu_system.o
    0x08002b08   0x08002b08   0x000002c8   Code   RO         1654    .text.Func_DelOneFingerprint  menu_system.o
    0x08002dd0   0x08002dd0   0x00000074   Code   RO         1708    .text.Func_Lock     main_interface.o
    0x08002e44   0x08002e44   0x00000088   Code   RO         1706    .text.Func_Unlock   main_interface.o
    0x08002ecc   0x08002ecc   0x000006a4   Code   RO         1640    .text.Func_ViewLogs  menu_system.o
    0x08003570   0x08003570   0x00000046   Code   RO          471    .text.HAL_DMA_Abort  stm32f1xx_hal_dma.o
    0x080035b6   0x080035b6   0x00000002   PAD
    0x080035b8   0x080035b8   0x000000b6   Code   RO          473    .text.HAL_DMA_Abort_IT  stm32f1xx_hal_dma.o
    0x0800366e   0x0800366e   0x00000002   PAD
    0x08003670   0x08003670   0x00000004   Code   RO          485    .text.HAL_DMA_GetError  stm32f1xx_hal_dma.o
    0x08003674   0x08003674   0x00000028   Code   RO          347    .text.HAL_Delay     stm32f1xx_hal.o
    0x0800369c   0x0800369c   0x0000020e   Code   RO          439    .text.HAL_GPIO_Init  stm32f1xx_hal_gpio.o
    0x080038aa   0x080038aa   0x00000002   PAD
    0x080038ac   0x080038ac   0x0000000a   Code   RO          443    .text.HAL_GPIO_ReadPin  stm32f1xx_hal_gpio.o
    0x080038b6   0x080038b6   0x00000002   PAD
    0x080038b8   0x080038b8   0x00000010   Code   RO          447    .text.HAL_GPIO_TogglePin  stm32f1xx_hal_gpio.o
    0x080038c8   0x080038c8   0x0000000a   Code   RO          445    .text.HAL_GPIO_WritePin  stm32f1xx_hal_gpio.o
    0x080038d2   0x080038d2   0x00000002   PAD
    0x080038d4   0x080038d4   0x0000000c   Code   RO          339    .text.HAL_GetTick   stm32f1xx_hal.o
    0x080038e0   0x080038e0   0x00000164   Code   RO          189    .text.HAL_I2C_Init  stm32f1xx_hal_i2c.o
    0x08003a44   0x08003a44   0x0000034a   Code   RO          237    .text.HAL_I2C_Mem_Read  stm32f1xx_hal_i2c.o
    0x08003d8e   0x08003d8e   0x00000002   PAD
    0x08003d90   0x08003d90   0x0000015c   Code   RO          233    .text.HAL_I2C_Mem_Write  stm32f1xx_hal_i2c.o
    0x08003eec   0x08003eec   0x0000006a   Code   RO           45    .text.HAL_I2C_MspInit  i2c.o
    0x08003f56   0x08003f56   0x00000002   PAD
    0x08003f58   0x08003f58   0x0000001a   Code   RO          337    .text.HAL_IncTick   stm32f1xx_hal.o
    0x08003f72   0x08003f72   0x00000002   PAD
    0x08003f74   0x08003f74   0x00000026   Code   RO          327    .text.HAL_Init      stm32f1xx_hal.o
    0x08003f9a   0x08003f9a   0x00000002   PAD
    0x08003f9c   0x08003f9c   0x00000048   Code   RO          329    .text.HAL_InitTick  stm32f1xx_hal.o
    0x08003fe4   0x08003fe4   0x00000042   Code   RO          166    .text.HAL_MspInit   stm32f1xx_hal_msp.o
    0x08004026   0x08004026   0x00000002   PAD
    0x08004028   0x08004028   0x00000022   Code   RO          499    .text.HAL_NVIC_EnableIRQ  stm32f1xx_hal_cortex.o
    0x0800404a   0x0800404a   0x00000002   PAD
    0x0800404c   0x0800404c   0x00000056   Code   RO          497    .text.HAL_NVIC_SetPriority  stm32f1xx_hal_cortex.o
    0x080040a2   0x080040a2   0x00000002   PAD
    0x080040a4   0x080040a4   0x00000020   Code   RO          495    .text.HAL_NVIC_SetPriorityGrouping  stm32f1xx_hal_cortex.o
    0x080040c4   0x080040c4   0x0000000c   Code   RO          539    .text.HAL_PWR_DisableBkUpAccess  stm32f1xx_hal_pwr.o
    0x080040d0   0x080040d0   0x0000000c   Code   RO          537    .text.HAL_PWR_EnableBkUpAccess  stm32f1xx_hal_pwr.o
    0x080040dc   0x080040dc   0x000000f8   Code   RO          429    .text.HAL_RCCEx_GetPeriphCLKFreq  stm32f1xx_hal_rcc_ex.o
    0x080041d4   0x080041d4   0x00000102   Code   RO          425    .text.HAL_RCCEx_PeriphCLKConfig  stm32f1xx_hal_rcc_ex.o
    0x080042d6   0x080042d6   0x00000002   PAD
    0x080042d8   0x080042d8   0x000001ba   Code   RO          391    .text.HAL_RCC_ClockConfig  stm32f1xx_hal_rcc.o
    0x08004492   0x08004492   0x00000002   PAD
    0x08004494   0x08004494   0x00000026   Code   RO          403    .text.HAL_RCC_GetPCLK1Freq  stm32f1xx_hal_rcc.o
    0x080044ba   0x080044ba   0x00000002   PAD
    0x080044bc   0x080044bc   0x00000026   Code   RO          405    .text.HAL_RCC_GetPCLK2Freq  stm32f1xx_hal_rcc.o
    0x080044e2   0x080044e2   0x00000002   PAD
    0x080044e4   0x080044e4   0x00000400   Code   RO          389    .text.HAL_RCC_OscConfig  stm32f1xx_hal_rcc.o
    0x080048e4   0x080048e4   0x000000f0   Code   RO          660    .text.HAL_RTC_Init  stm32f1xx_hal_rtc.o
    0x080049d4   0x080049d4   0x00000046   Code   RO           60    .text.HAL_RTC_MspInit  rtc.o
    0x08004a1a   0x08004a1a   0x00000002   PAD
    0x08004a1c   0x08004a1c   0x000000a8   Code   RO          742    .text.HAL_SPI_Init  stm32f1xx_hal_spi.o
    0x08004ac4   0x08004ac4   0x0000007a   Code   RO           75    .text.HAL_SPI_MspInit  spi.o
    0x08004b3e   0x08004b3e   0x00000002   PAD
    0x08004b40   0x08004b40   0x00000200   Code   RO          752    .text.HAL_SPI_Receive  stm32f1xx_hal_spi.o
    0x08004d40   0x08004d40   0x000001fa   Code   RO          750    .text.HAL_SPI_Transmit  stm32f1xx_hal_spi.o
    0x08004f3a   0x08004f3a   0x00000002   PAD
    0x08004f3c   0x08004f3c   0x000002d2   Code   RO          754    .text.HAL_SPI_TransmitReceive  stm32f1xx_hal_spi.o
    0x0800520e   0x0800520e   0x00000002   PAD
    0x08005210   0x08005210   0x0000002c   Code   RO          507    .text.HAL_SYSTICK_Config  stm32f1xx_hal_cortex.o
    0x0800523c   0x0800523c   0x00000002   Code   RO         1161    .text.HAL_TIMEx_BreakCallback  stm32f1xx_hal_tim_ex.o
    0x0800523e   0x0800523e   0x00000002   PAD
    0x08005240   0x08005240   0x00000002   Code   RO         1157    .text.HAL_TIMEx_CommutCallback  stm32f1xx_hal_tim_ex.o
    0x08005242   0x08005242   0x00000002   PAD
    0x08005244   0x08005244   0x0000007e   Code   RO         1151    .text.HAL_TIMEx_MasterConfigSynchronization  stm32f1xx_hal_tim_ex.o
    0x080052c2   0x080052c2   0x00000002   PAD
    0x080052c4   0x080052c4   0x000000fa   Code   RO          856    .text.HAL_TIM_Base_Init  stm32f1xx_hal_tim.o
    0x080053be   0x080053be   0x00000002   PAD
    0x080053c0   0x080053c0   0x00000044   Code   RO           90    .text.HAL_TIM_Base_MspInit  tim.o
    0x08005404   0x08005404   0x000001a0   Code   RO         1036    .text.HAL_TIM_ConfigClockSource  stm32f1xx_hal_tim.o
    0x080055a4   0x080055a4   0x00000002   Code   RO          992    .text.HAL_TIM_IC_CaptureCallback  stm32f1xx_hal_tim.o
    0x080055a6   0x080055a6   0x00000002   PAD
    0x080055a8   0x080055a8   0x0000014e   Code   RO          990    .text.HAL_TIM_IRQHandler  stm32f1xx_hal_tim.o
    0x080056f6   0x080056f6   0x00000002   PAD
    0x080056f8   0x080056f8   0x00000002   Code   RO          994    .text.HAL_TIM_OC_DelayElapsedCallback  stm32f1xx_hal_tim.o
    0x080056fa   0x080056fa   0x00000002   PAD
    0x080056fc   0x080056fc   0x00000002   Code   RO          996    .text.HAL_TIM_PWM_PulseFinishedCallback  stm32f1xx_hal_tim.o
    0x080056fe   0x080056fe   0x00000002   PAD
    0x08005700   0x08005700   0x00000002   Code   RO          998    .text.HAL_TIM_PeriodElapsedCallback  stm32f1xx_hal_tim.o
    0x08005702   0x08005702   0x00000002   PAD
    0x08005704   0x08005704   0x00000002   Code   RO         1000    .text.HAL_TIM_TriggerCallback  stm32f1xx_hal_tim.o
    0x08005706   0x08005706   0x00000002   PAD
    0x08005708   0x08005708   0x00000002   Code   RO         1259    .text.HAL_UARTEx_RxEventCallback  stm32f1xx_hal_uart.o
    0x0800570a   0x0800570a   0x00000002   PAD
    0x0800570c   0x0800570c   0x0000016e   Code   RO         1229    .text.HAL_UART_AbortReceive  stm32f1xx_hal_uart.o
    0x0800587a   0x0800587a   0x00000002   PAD
    0x0800587c   0x0800587c   0x00000002   Code   RO         1257    .text.HAL_UART_ErrorCallback  stm32f1xx_hal_uart.o
    0x0800587e   0x0800587e   0x00000002   PAD
    0x08005880   0x08005880   0x00000570   Code   RO         1251    .text.HAL_UART_IRQHandler  stm32f1xx_hal_uart.o
    0x08005df0   0x08005df0   0x000000e2   Code   RO         1175    .text.HAL_UART_Init  stm32f1xx_hal_uart.o
    0x08005ed2   0x08005ed2   0x00000002   PAD
    0x08005ed4   0x08005ed4   0x00000126   Code   RO          145    .text.HAL_UART_MspInit  usart.o
    0x08005ffa   0x08005ffa   0x00000002   PAD
    0x08005ffc   0x08005ffc   0x00000054   Code   RO         1195    .text.HAL_UART_Receive_IT  stm32f1xx_hal_uart.o
    0x08006050   0x08006050   0x00000070   Code   RO           17    .text.HAL_UART_RxCpltCallback  main.o
    0x080060c0   0x080060c0   0x00000192   Code   RO         1189    .text.HAL_UART_Transmit  stm32f1xx_hal_uart.o
    0x08006252   0x08006252   0x00000002   PAD
    0x08006254   0x08006254   0x00000002   Code   RO         1261    .text.HAL_UART_TxCpltCallback  stm32f1xx_hal_uart.o
    0x08006256   0x08006256   0x00000002   PAD
    0x08006258   0x08006258   0x00000002   Code   RO          105    .text.HardFault_Handler  stm32f1xx_it.o
    0x0800625a   0x0800625a   0x00000002   PAD
    0x0800625c   0x0800625c   0x00000112   Code   RO          239    .text.I2C_RequestMemoryRead  stm32f1xx_hal_i2c.o
    0x0800636e   0x0800636e   0x00000002   PAD
    0x08006370   0x08006370   0x000000c8   Code   RO          235    .text.I2C_RequestMemoryWrite  stm32f1xx_hal_i2c.o
    0x08006438   0x08006438   0x000000ba   Code   RO          203    .text.I2C_WaitOnBTFFlagUntilTimeout  stm32f1xx_hal_i2c.o
    0x080064f2   0x080064f2   0x00000002   PAD
    0x080064f4   0x080064f4   0x000001ca   Code   RO          199    .text.I2C_WaitOnFlagUntilTimeout  stm32f1xx_hal_i2c.o
    0x080066be   0x080066be   0x00000002   PAD
    0x080066c0   0x080066c0   0x000000d6   Code   RO          317    .text.I2C_WaitOnMasterAddressFlagUntilTimeout  stm32f1xx_hal_i2c.o
    0x08006796   0x08006796   0x00000002   PAD
    0x08006798   0x08006798   0x00000090   Code   RO          207    .text.I2C_WaitOnRXNEFlagUntilTimeout  stm32f1xx_hal_i2c.o
    0x08006828   0x08006828   0x000000ba   Code   RO          201    .text.I2C_WaitOnTXEFlagUntilTimeout  stm32f1xx_hal_i2c.o
    0x080068e2   0x080068e2   0x00000002   PAD
    0x080068e4   0x080068e4   0x000001a6   Code   RO         1524    .text.IC_AddCard    rc522.o
    0x08006a8a   0x08006a8a   0x00000002   PAD
    0x08006a8c   0x08006a8c   0x0000004e   Code   RO         1522    .text.IC_CheckCard  rc522.o
    0x08006ada   0x08006ada   0x00000002   PAD
    0x08006adc   0x08006adc   0x000001ac   Code   RO         1698    .text.InputPassword  main_interface.o
    0x08006c88   0x08006c88   0x000000dc   Code   RO         1353    .text.Key_GPIO_Init  key.o
    0x08006d64   0x08006d64   0x00000078   Code   RO         1357    .text.Key_LongPressed  key.o
    0x08006ddc   0x08006ddc   0x00000380   Code   RO         1355    .text.Key_scan      key.o
    0x0800715c   0x0800715c   0x0000010c   Code   RO         1725    .text.LoadFingerSlotUsage  as608.o
    0x08007268   0x08007268   0x00000240   Code   RO         1551    .text.Log_Add       at24c02.o
    0x080074a8   0x080074a8   0x00000068   Code   RO         1549    .text.Log_Init      at24c02.o
    0x08007510   0x08007510   0x00000024   Code   RO         1457    .text.Log_RecordAndUpload  onenet.o
    0x08007534   0x08007534   0x0000005e   Code   RO         1557    .text.Log_UnlockEvent  at24c02.o
    0x08007592   0x08007592   0x00000002   PAD
    0x08007594   0x08007594   0x0000025e   Code   RO         1498    .text.M500PcdConfigISOType  rc522.o
    0x080077f2   0x080077f2   0x00000002   PAD
    0x080077f4   0x080077f4   0x0000001c   Code   RO         1396    .text.MQTT_DeleteBuffer  mqttkit.o
    0x08007810   0x08007810   0x00000370   Code   RO         1404    .text.MQTT_PacketConnect  mqttkit.o
    0x08007b80   0x08007b80   0x000000d0   Code   RO         1446    .text.MQTT_PacketPing  mqttkit.o
    0x08007c50   0x08007c50   0x000005ae   Code   RO         1412    .text.MQTT_PacketPublish  mqttkit.o
    0x080081fe   0x080081fe   0x00000002   PAD
    0x08008200   0x08008200   0x00000214   Code   RO         1420    .text.MQTT_PacketSubscribe  mqttkit.o
    0x08008414   0x08008414   0x00000016   Code   RO         1408    .text.MQTT_UnPacketConnectAck  mqttkit.o
    0x0800842a   0x0800842a   0x00000002   PAD
    0x0800842c   0x0800842c   0x000001a2   Code   RO         1428    .text.MQTT_UnPacketPublish  mqttkit.o
    0x080085ce   0x080085ce   0x00000002   PAD
    0x080085d0   0x080085d0   0x00000018   Code   RO         1432    .text.MQTT_UnPacketPublishAck  mqttkit.o
    0x080085e8   0x080085e8   0x000000ae   Code   RO         1402    .text.MQTT_UnPacketRecv  mqttkit.o
    0x08008696   0x08008696   0x00000002   PAD
    0x08008698   0x08008698   0x00000024   Code   RO         1422    .text.MQTT_UnPacketSubscribe  mqttkit.o
    0x080086bc   0x080086bc   0x000000b8   Code   RO           34    .text.MX_GPIO_Init  gpio.o
    0x08008774   0x08008774   0x00000042   Code   RO           43    .text.MX_I2C1_Init  i2c.o
    0x080087b6   0x080087b6   0x00000002   PAD
    0x080087b8   0x080087b8   0x00000030   Code   RO           58    .text.MX_RTC_Init   rtc.o
    0x080087e8   0x080087e8   0x0000004c   Code   RO           73    .text.MX_SPI1_Init  spi.o
    0x08008834   0x08008834   0x00000076   Code   RO           88    .text.MX_TIM3_Init  tim.o
    0x080088aa   0x080088aa   0x00000002   PAD
    0x080088ac   0x080088ac   0x0000003e   Code   RO          139    .text.MX_USART1_UART_Init  usart.o
    0x080088ea   0x080088ea   0x00000002   PAD
    0x080088ec   0x080088ec   0x0000003c   Code   RO          141    .text.MX_USART2_UART_Init  usart.o
    0x08008928   0x08008928   0x0000003c   Code   RO          143    .text.MX_USART3_UART_Init  usart.o
    0x08008964   0x08008964   0x0000011c   Code   RO         1704    .text.MainInterface_Display  main_interface.o
    0x08008a80   0x08008a80   0x00000002   Code   RO          107    .text.MemManage_Handler  stm32f1xx_it.o
    0x08008a82   0x08008a82   0x00000002   PAD
    0x08008a84   0x08008a84   0x00000136   Code   RO         1632    .text.Menu_Display  menu_system.o
    0x08008bba   0x08008bba   0x00000002   PAD
    0x08008bbc   0x08008bbc   0x00000082   Code   RO         1630    .text.Menu_Init     menu_system.o
    0x08008c3e   0x08008c3e   0x00000002   PAD
    0x08008c40   0x08008c40   0x0000000c   Code   RO         1646    .text.Menu_IsReturnPending  menu_system.o
    0x08008c4c   0x08008c4c   0x000002b6   Code   RO         1636    .text.Menu_ProcessOp  menu_system.o
    0x08008f02   0x08008f02   0x00000002   PAD
    0x08008f04   0x08008f04   0x000000b8   Code   RO         1644    .text.Menu_Update   menu_system.o
    0x08008fbc   0x08008fbc   0x00000002   Code   RO          103    .text.NMI_Handler   stm32f1xx_it.o
    0x08008fbe   0x08008fbe   0x00000002   PAD
    0x08008fc0   0x08008fc0   0x00000014   Code   RO         1324    .text.OLED_CLS      oled.o
    0x08008fd4   0x08008fd4   0x0000031e   Code   RO         1314    .text.OLED_Init     oled.o
    0x080092f2   0x080092f2   0x00000002   PAD
    0x080092f4   0x080092f4   0x00000256   Code   RO         1330    .text.OLED_ShowChar  oled.o
    0x0800954a   0x0800954a   0x00000002   PAD
    0x0800954c   0x0800954c   0x00000058   Code   RO         1328    .text.OLED_ShowStr  oled.o
    0x080095a4   0x080095a4   0x000000b6   Code   RO         1320    .text.OLED_Update   oled.o
    0x0800965a   0x0800965a   0x00000002   PAD
    0x0800965c   0x0800965c   0x0000003c   Code   RO         1469    .text.OneNET_KeepAlive  onenet.o
    0x08009698   0x08009698   0x000000a8   Code   RO         1467    .text.OneNET_Subscribe  onenet.o
    0x08009740   0x08009740   0x000001a4   Code   RO         1461    .text.OneNet_DevLink  onenet.o
    0x080098e4   0x080098e4   0x00000770   Code   RO         1471    .text.OneNet_RevPro  onenet.o
    0x0800a054   0x0800a054   0x000000f8   Code   RO         1465    .text.OneNet_SendData  onenet.o
    0x0800a14c   0x0800a14c   0x00000222   Code   RO         1749    .text.PS_DeletChar  as608.o
    0x0800a36e   0x0800a36e   0x00000002   PAD
    0x0800a370   0x0800a370   0x00000006   Code   RO         1767    .text.PS_DeleteTemplate  as608.o
    0x0800a376   0x0800a376   0x00000002   PAD
    0x0800a378   0x0800a378   0x000001a8   Code   RO         1751    .text.PS_Empty      as608.o
    0x0800a520   0x0800a520   0x000001c0   Code   RO         1741    .text.PS_GenChar    as608.o
    0x0800a6e0   0x0800a6e0   0x000001a4   Code   RO         1739    .text.PS_GetImage   as608.o
    0x0800a884   0x0800a884   0x00000034   Code   RO         1771    .text.PS_GetImage_Block  as608.o
    0x0800a8b8   0x0800a8b8   0x000001a4   Code   RO         1757    .text.PS_HandShake  as608.o
    0x0800aa5c   0x0800aa5c   0x0000023c   Code   RO         1755    .text.PS_HighSpeedSearch  as608.o
    0x0800ac98   0x0800ac98   0x000001a4   Code   RO         1743    .text.PS_Match      as608.o
    0x0800ae3c   0x0800ae3c   0x000001c4   Code   RO         1729    .text.PS_ReadNotepad  as608.o
    0x0800b000   0x0800b000   0x000001a8   Code   RO         1745    .text.PS_RegModel   as608.o
    0x0800b1a8   0x0800b1a8   0x0000008e   Code   RO         1735    .text.PS_StaGPIO_Init  as608.o
    0x0800b236   0x0800b236   0x00000002   PAD
    0x0800b238   0x0800b238   0x000001fe   Code   RO         1747    .text.PS_StoreChar  as608.o
    0x0800b436   0x0800b436   0x00000002   PAD
    0x0800b438   0x0800b438   0x0000000e   Code   RO         1727    .text.PS_Wakeup     as608.o
    0x0800b446   0x0800b446   0x00000002   PAD
    0x0800b448   0x0800b448   0x000001fe   Code   RO         1733    .text.PS_WriteNotepad  as608.o
    0x0800b646   0x0800b646   0x00000002   PAD
    0x0800b648   0x0800b648   0x00000280   Code   RO         1504    .text.PcdAnticoll   rc522.o
    0x0800b8c8   0x0800b8c8   0x00000604   Code   RO         1500    .text.PcdComMF522   rc522.o
    0x0800becc   0x0800becc   0x00000032   Code   RO         1516    .text.PcdHalt       rc522.o
    0x0800befe   0x0800befe   0x00000002   PAD
    0x0800bf00   0x0800bf00   0x0000015e   Code   RO         1502    .text.PcdRequest    rc522.o
    0x0800c05e   0x0800c05e   0x00000002   PAD
    0x0800c060   0x0800c060   0x00000204   Code   RO         1496    .text.PcdReset      rc522.o
    0x0800c264   0x0800c264   0x00000002   Code   RO          117    .text.PendSV_Handler  stm32f1xx_it.o
    0x0800c266   0x0800c266   0x00000002   PAD
    0x0800c268   0x0800c268   0x000001f0   Code   RO         1518    .text.RC522_Init    rc522.o
    0x0800c458   0x0800c458   0x00000060   Code   RO         1611    .text.Relay_Init    relay.o
    0x0800c4b8   0x0800c4b8   0x00000012   Code   RO         1615    .text.Relay_Off     relay.o
    0x0800c4ca   0x0800c4ca   0x00000002   PAD
    0x0800c4cc   0x0800c4cc   0x0000002c   Code   RO         1617    .text.Relay_Pulse_Start  relay.o
    0x0800c4f8   0x0800c4f8   0x00000034   Code   RO         1619    .text.Relay_Update  relay.o
    0x0800c52c   0x0800c52c   0x00000120   Code   RO          846    .text.SPI_WaitFlagStateUntilTimeout  stm32f1xx_hal_spi.o
    0x0800c64c   0x0800c64c   0x00000002   Code   RO          113    .text.SVC_Handler   stm32f1xx_it.o
    0x0800c64e   0x0800c64e   0x00000002   PAD
    0x0800c650   0x0800c650   0x00000104   Code   RO         1731    .text.SaveFingerSlotUsage  as608.o
    0x0800c754   0x0800c754   0x00000026   Code   RO         1686    .text.SoftTimer_IsExpired  soft_timer.o
    0x0800c77a   0x0800c77a   0x00000002   PAD
    0x0800c77c   0x0800c77c   0x00000014   Code   RO         1684    .text.SoftTimer_Start  soft_timer.o
    0x0800c790   0x0800c790   0x00000006   Code   RO         1688    .text.SoftTimer_Stop  soft_timer.o
    0x0800c796   0x0800c796   0x00000002   PAD
    0x0800c798   0x0800c798   0x00000004   Code   RO          119    .text.SysTick_Handler  stm32f1xx_it.o
    0x0800c79c   0x0800c79c   0x00000002   Code   RO         1295    .text.SystemInit    system_stm32f1xx.o
    0x0800c79e   0x0800c79e   0x00000002   PAD
    0x0800c7a0   0x0800c7a0   0x0000000c   Code   RO          121    .text.TIM3_IRQHandler  stm32f1xx_it.o
    0x0800c7ac   0x0800c7ac   0x0000000c   Code   RO         1255    .text.UART_DMAAbortOnError  stm32f1xx_hal_uart.o
    0x0800c7b8   0x0800c7b8   0x000000fe   Code   RO         1253    .text.UART_Receive_IT  stm32f1xx_hal_uart.o
    0x0800c8b6   0x0800c8b6   0x00000002   PAD
    0x0800c8b8   0x0800c8b8   0x0000005e   Code   RO          123    .text.USART1_IRQHandler  stm32f1xx_it.o
    0x0800c916   0x0800c916   0x00000002   PAD
    0x0800c918   0x0800c918   0x0000000c   Code   RO          125    .text.USART2_IRQHandler  stm32f1xx_it.o
    0x0800c924   0x0800c924   0x0000000c   Code   RO          127    .text.USART3_IRQHandler  stm32f1xx_it.o
    0x0800c930   0x0800c930   0x00000002   Code   RO          111    .text.UsageFault_Handler  stm32f1xx_it.o
    0x0800c932   0x0800c932   0x00000002   PAD
    0x0800c934   0x0800c934   0x0000000e   Code   RO          151    .text.Usart_SendString  usart.o
    0x0800c942   0x0800c942   0x00000002   PAD
    0x0800c944   0x0800c944   0x00000160   Code   RO         1702    .text.User_VerifyPassword  main_interface.o
    0x0800caa4   0x0800caa4   0x00000158   Code   RO         1710    .text.Verify_Fingerprint  main_interface.o
    0x0800cbfc   0x0800cbfc   0x0000022a   Code   RO         1571    .text.Write_Ds1302_Byte  ds1302.o
    0x0800ce26   0x0800ce26   0x00000002   PAD
    0x0800ce28   0x0800ce28   0x0000002a   Code   RO          149    .text.fputc         usart.o
    0x0800ce52   0x0800ce52   0x00000002   PAD
    0x0800ce54   0x0800ce54   0x00000630   Code   RO           11    .text.main          main.o
    0x0800d484   0x0800d484   0x00000020   Code   RO         2047    i.__0printf         mc_w.l(printfa.o)
    0x0800d4a4   0x0800d4a4   0x00000034   Code   RO         2048    i.__0snprintf       mc_w.l(printfa.o)
    0x0800d4d8   0x0800d4d8   0x00000028   Code   RO         2049    i.__0sprintf        mc_w.l(printfa.o)
    0x0800d500   0x0800d500   0x0000000e   Code   RO         2158    i.__scatterload_copy  mc_w.l(handlers.o)
    0x0800d50e   0x0800d50e   0x00000002   Code   RO         2159    i.__scatterload_null  mc_w.l(handlers.o)
    0x0800d510   0x0800d510   0x0000000e   Code   RO         2160    i.__scatterload_zeroinit  mc_w.l(handlers.o)
    0x0800d51e   0x0800d51e   0x00000002   PAD
    0x0800d520   0x0800d520   0x00000184   Code   RO         2054    i._fp_digits        mc_w.l(printfa.o)
    0x0800d6a4   0x0800d6a4   0x000006dc   Code   RO         2055    i._printf_core      mc_w.l(printfa.o)
    0x0800dd80   0x0800dd80   0x00000024   Code   RO         2056    i._printf_post_padding  mc_w.l(printfa.o)
    0x0800dda4   0x0800dda4   0x0000002e   Code   RO         2057    i._printf_pre_padding  mc_w.l(printfa.o)
    0x0800ddd2   0x0800ddd2   0x00000016   Code   RO         2058    i._snputc           mc_w.l(printfa.o)
    0x0800dde8   0x0800dde8   0x0000000a   Code   RO         2059    i._sputc            mc_w.l(printfa.o)
    0x0800ddf2   0x0800ddf2   0x00000002   PAD
    0x0800ddf4   0x0800ddf4   0x00000050   Code   RO         2075    i.free              mc_w.l(malloc.o)
    0x0800de44   0x0800de44   0x0000006c   Code   RO         2076    i.malloc            mc_w.l(malloc.o)
    0x0800deb0   0x0800deb0   0x00000024   Code   RO         1792    i.puts              mc_w.l(puts.o)
    0x0800ded4   0x0800ded4   0x00000010   Data   RO         1674    .rodata..Lswitch.table.Func_ViewLogs.86  menu_system.o
    0x0800dee4   0x0800dee4   0x00000010   Data   RO         1300    .rodata.AHBPrescTable  system_stm32f1xx.o
    0x0800def4   0x0800def4   0x00000008   Data   RO         1301    .rodata.APBPrescTable  system_stm32f1xx.o
    0x0800defc   0x0800defc   0x00000228   Data   RO         1342    .rodata.F6x8        oled.o
    0x0800e124   0x0800e124   0x00000600   Data   RO         1343    .rodata.F8X16       oled.o
    0x0800e724   0x0800e724   0x00000002   Data   RO          416    .rodata.HAL_RCC_GetSysClockFreq.aPredivFactorTable  stm32f1xx_hal_rcc.o
    0x0800e726   0x0800e726   0x00000010   Data   RO          415    .rodata.cst16       stm32f1xx_hal_rcc.o
    0x0800e736   0x0800e736   0x00000020   Data   RO         1359    .rodata.key_map     key.o
    0x0800e756   0x0800e756   0x0000004f   Data   RO           22    .rodata.str1.1      main.o
    0x0800e7a5   0x0800e7a5   0x00000008   Data   RO         1384    .rodata.str1.1      esp8266.o
    0x0800e7ad   0x0800e7ad   0x0000000d   Data   RO         1448    .rodata.str1.1      mqttkit.o
    0x0800e7ba   0x0800e7ba   0x000001ae   Data   RO         1475    .rodata.str1.1      onenet.o
    0x0800e968   0x0800e968   0x0000006c   Data   RO         1559    .rodata.str1.1      at24c02.o
    0x0800e9d4   0x0800e9d4   0x000001d4   Data   RO         1667    .rodata.str1.1      menu_system.o
    0x0800eba8   0x0800eba8   0x00000031   Data   RO         1714    .rodata.str1.1      main_interface.o
    0x0800ebd9   0x0800ebd9   0x0000009a   Data   RO         1780    .rodata.str1.1      as608.o
    0x0800ec73   0x0800ec73   0x00000001   PAD
    0x0800ec74   0x0800ec74   0x00000020   Data   RO         2157    Region$$Table       anon$$obj.o


    Execution Region RW_IRAM1 (Exec base: 0x20000000, Load base: 0x0800ec98, Size: 0x00001088, Max: 0x00005000, ABSOLUTE)

    Exec Addr    Load Addr    Size         Type   Attr      Idx    E Section Name        Object

    0x20000000   0x0800ec98   0x00000004   Data   RW         2119    .data               mc_w.l(stdout.o)
    0x20000004   0x0800ec9c   0x00000004   Data   RW         2133    .data               mc_w.l(mvars.o)
    0x20000008   0x0800eca0   0x00000004   Data   RW         2134    .data               mc_w.l(mvars.o)
    0x2000000c   0x0800eca4   0x00000008   Data   RW           24    .data..L_MergedGlobals  main.o
    0x20000014   0x0800ecac   0x00000008   Data   RW          378    .data..L_MergedGlobals  stm32f1xx_hal.o
    0x2000001c   0x0800ecb4   0x00000004   Data   RW         1773    .data.AS608Addr     as608.o
    0x20000020   0x0800ecb8   0x00000004   Data   RW         1299    .data.SystemCoreClock  system_stm32f1xx.o
    0x20000024   0x0800ecbc   0x00000007   Data   RW         1583    .data.Time          ds1302.o
    0x2000002b   0x0800ecc3   0x00000001   PAD
    0x2000002c   0x0800ecc4   0x00000024   Data   RW         1672    .data.fingerprint_items  menu_system.o
    0x20000050   0x0800ece8   0x00000010   Data   RW         1670    .data.fingerprint_menu  menu_system.o
    0x20000060   0x0800ecf8   0x00000018   Data   RW         1673    .data.iccard_items  menu_system.o
    0x20000078   0x0800ed10   0x00000010   Data   RW         1671    .data.iccard_menu   menu_system.o
    0x20000088   0x0800ed20   0x00000060   Data   RW         1669    .data.main_items    menu_system.o
    0x200000e8   0x0800ed80   0x00000010   Data   RW         1666    .data.main_menu     menu_system.o
    0x200000f8        -       0x00000008   Zero   RW         1360    .bss..L_MergedGlobals  key.o
    0x20000100        -       0x00000004   Zero   RW         1385    .bss..L_MergedGlobals  esp8266.o
    0x20000104        -       0x00000002   Zero   RW         1560    .bss..L_MergedGlobals  at24c02.o
    0x20000106   0x0800ed90   0x00000002   PAD
    0x20000108        -       0x00000010   Zero   RW         1602    .bss..L_MergedGlobals  beep.o
    0x20000118        -       0x00000010   Zero   RW         1621    .bss..L_MergedGlobals  relay.o
    0x20000128        -       0x00000014   Zero   RW         1675    .bss..L_MergedGlobals  menu_system.o
    0x2000013c        -       0x00000004   Zero   RW         1781    .bss..L_MergedGlobals  as608.o
    0x20000140        -       0x00000020   Zero   RW           25    .bss..L_MergedGlobals.21  main.o
    0x20000160        -       0x000000c8   Zero   RW         1779    .bss.AS608_RX_BUF   as608.o
    0x20000228        -       0x00000004   Zero   RW         1716    .bss.CheckRfidCard.last_check  main_interface.o
    0x2000022c        -       0x00000001   Zero   RW         1715    .bss.User_VerifyPassword.err_cnt  main_interface.o
    0x2000022d   0x0800ed90   0x00000003   PAD
    0x20000230        -       0x00000200   Zero   RW         1383    .bss.esp8266_buf    esp8266.o
    0x20000430        -       0x00000001   Zero   RW         1774    .bss.finger_touch_flag  as608.o
    0x20000431   0x0800ed90   0x00000003   PAD
    0x20000434        -       0x00000400   Zero   RW         1344    .bss.framebuffer    oled.o
    0x20000834        -       0x00000054   Zero   RW           49    .bss.hi2c1          i2c.o
    0x20000888        -       0x00000014   Zero   RW           64    .bss.hrtc           rtc.o
    0x2000089c        -       0x00000058   Zero   RW           79    .bss.hspi1          spi.o
    0x200008f4        -       0x00000048   Zero   RW           94    .bss.htim3          tim.o
    0x2000093c        -       0x00000048   Zero   RW          155    .bss.huart1         usart.o
    0x20000984        -       0x00000048   Zero   RW          156    .bss.huart2         usart.o
    0x200009cc        -       0x00000048   Zero   RW          157    .bss.huart3         usart.o
    0x20000a14        -       0x0000006e   Zero   RW         1668    .bss.log_entries    menu_system.o
    0x20000a82   0x0800ed90   0x00000002   PAD
    0x20000a84        -       0x00000004   Zero   RW          377    .bss.uwTick         stm32f1xx_hal.o
    0x20000a88        -       0x00000200   Zero   RW            2    HEAP                startup_stm32f103xb.o
    0x20000c88        -       0x00000400   Zero   RW            1    STACK               startup_stm32f103xb.o


==============================================================================

Image component sizes


      Code (inc. data)   RO Data    RW Data    ZI Data      Debug   Object Name

      6642        282        154          4        205      27131   as608.o
      1368        124        108          0          2       8587   at24c02.o
       264          0          0          0         16       2504   beep.o
      2808          0          0          7          0      18136   ds1302.o
      1092        168          8          0        516       5032   esp8266.o
       184          0          0          0          0       1611   gpio.o
       172          0          0          0         84       4491   i2c.o
      1236         72         32          0          8       3477   key.o
      1706        194         79          8         32       8663   main.o
      2164        364         49          0          5       5532   main_interface.o
      6626        736        484        204        130      16680   menu_system.o
      3776          0         13          0          0      28229   mqttkit.o
      1686          0       2088          0       1024      11019   oled.o
      2836        856        430          0          0       8082   onenet.o
      5364        184          0          0          0      22140   rc522.o
       210          0          0          0         16       2354   relay.o
       118          0          0          0         20       2512   rtc.o
        64          0          0          0          0       1142   soft_timer.o
       198          0          0          0         88       4303   spi.o
        36          8        236          0       1536        780   startup_stm32f103xb.o
       188          0          0          8          4       5777   stm32f1xx_hal.o
       196          0          0          0          0       8432   stm32f1xx_hal_cortex.o
       256          0          0          0          0       8580   stm32f1xx_hal_dma.o
       562         22          0          0          0       4774   stm32f1xx_hal_gpio.o
      3208          0          0          0          0      45126   stm32f1xx_hal_i2c.o
        66          0          0          0          0       1218   stm32f1xx_hal_msp.o
        24          0          0          0          0       4234   stm32f1xx_hal_pwr.o
      1542          0         18          0          0       8085   stm32f1xx_hal_rcc.o
       506         20          0          0          0       3689   stm32f1xx_hal_rcc_ex.o
       240          0          0          0          0      20138   stm32f1xx_hal_rtc.o
      2196          0          0          0          0      23572   stm32f1xx_hal_spi.o
      1010          0          0          0          0      58589   stm32f1xx_hal_tim.o
       130          0          0          0          0      21230   stm32f1xx_hal_tim_ex.o
      2742          0          0          0          0      33170   stm32f1xx_hal_uart.o
       200          0          0          0          0       6591   stm32f1xx_it.o
         2          0         24          4          0       1596   system_stm32f1xx.o
       186          0          0          0         72       5943   tim.o
       532          0          0          0        216       7599   usart.o

    ----------------------------------------------------------------------
     52528       3030       3756        236       3984     450748   Object Totals
         0          0         32          0          0          0   (incl. Generated)
       192          0          1          1         10          0   (incl. Padding)

    ----------------------------------------------------------------------

      Code (inc. data)   RO Data    RW Data    ZI Data      Debug   Library Member Name

        28          0          0          0          0         76   calloc.o
         0          0          0          0          0          0   entry.o
         0          0          0          0          0          0   entry10a.o
         0          0          0          0          0          0   entry11a.o
         8          4          0          0          0          0   entry2.o
         4          0          0          0          0          0   entry5.o
         0          0          0          0          0          0   entry7b.o
         0          0          0          0          0          0   entry8b.o
         8          4          0          0          0          0   entry9a.o
        30          0          0          0          0          0   handlers.o
        48         10          0          0          0         68   init.o
         0          0          0          0          0          0   iusefp.o
        30          0          0          0          0         68   llshl.o
        36          0          0          0          0         68   llsshr.o
        32          0          0          0          0         68   llushr.o
       188         20          0          0          0        160   malloc.o
        26          0          0          0          0         80   memcmp.o
        36          0          0          0          0         68   memcpya.o
        36          0          0          0          0        108   memseta.o
         0          0          0          8          0          0   mvars.o
      2382        100          0          0          0        760   printfa.o
        36          6          0          0          0         80   puts.o
         0          0          0          4          0          0   stdout.o
        20          0          0          0          0         68   strchr.o
        14          0          0          0          0         68   strlen.o
        40          0          0          0          0         76   strncat.o
        30          0          0          0          0         80   strncmp.o
        36          0          0          0          0         80   strstr.o
        44          0          0          0          0         80   uidiv.o
        98          0          0          0          0         92   uldiv.o
        48          0          0          0          0         68   cdrcmple.o
       334          0          0          0          0        148   dadd.o
       222          0          0          0          0        100   ddiv.o
       186          0          0          0          0        176   depilogue.o
        48          0          0          0          0         68   dfixul.o
       228          0          0          0          0         96   dmul.o

    ----------------------------------------------------------------------
      4280        144          0         12          0       2804   Library Totals
         4          0          0          0          0          0   (incl. Padding)

    ----------------------------------------------------------------------

      Code (inc. data)   RO Data    RW Data    ZI Data      Debug   Library Name

      3210        144          0         12          0       2148   mc_w.l
      1066          0          0          0          0        656   mf_w.l

    ----------------------------------------------------------------------
      4280        144          0         12          0       2804   Library Totals

    ----------------------------------------------------------------------

==============================================================================


      Code (inc. data)   RO Data    RW Data    ZI Data      Debug   

     56808       3174       3756        248       3984     451424   Grand Totals
     56808       3174       3756        248       3984     451424   ELF Image Totals
     56808       3174       3756        248          0          0   ROM Totals

==============================================================================

    Total RO  Size (Code + RO Data)                60564 (  59.14kB)
    Total RW  Size (RW Data + ZI Data)              4232 (   4.13kB)
    Total ROM Size (Code + RO Data + RW Data)      60812 (  59.39kB)

==============================================================================

